[patna.dcourts.gov.in/index.html]
[backblue.gif]
[fade.gif]
[index.html]
[patna.dcourts.gov.in/wp-content/themes/sdo-theme/css/print.css]
[patna.dcourts.gov.in/wp-includes/css/dist/block-library/style.min0899.css]
[patna.dcourts.gov.in/wp-content/plugins/common_utility/css/extra.features4963.css]
[patna.dcourts.gov.in/wp-content/plugins/contact-form-7/includes/css/styles9dff.css]
[patna.dcourts.gov.in/wp-content/plugins/ecourt/css/style0899.css]
[patna.dcourts.gov.in/wp-content/plugins/ecourt/css/select2.min0899.css]
[patna.dcourts.gov.in/wp-content/plugins/parichay-sso/css/login4963.css]
[patna.dcourts.gov.in/wp-content/plugins/wordpress-social-login/assets/css/style0899.css]
[patna.dcourts.gov.in/wp-content/themes/sdo-theme/css/base0899.css]
[patna.dcourts.gov.in/wp-content/themes/sdo-theme/css/addons/sliderhelper0899.css]
[patna.dcourts.gov.in/wp-content/themes/sdo-theme/style0899.css]
[patna.dcourts.gov.in/wp-content/plugins/awaas-metaboxes/css/jquery.ui.datepicker5152.css]
[patna.dcourts.gov.in/wp-content/plugins/js_composer/assets/css/js_composer.mine6df.css]
[patna.dcourts.gov.in/wp-content/plugins/awaas-accessibility/css/font-awsome0899.css]
[patna.dcourts.gov.in/wp-content/themes/sdo-theme/js/jquery.min5aed.js]
[patna.dcourts.gov.in/wp-content/themes/sdo-theme/js/jquery-migrate.min5589.js]
[patna.dcourts.gov.in/wp-content/plugins/awaas-accessibility/js/external0899.js]
[cdnbbsr.s3waas.gov.in/s3ec05a18630ab1c3b9f14454cf70dc711/uploads/2021/03/20210318714a08.png]
[patna.dcourts.gov.in/wp-content/themes/sdo-theme/images/digital-india.png]
[cdnbbsr.s3waas.gov.in/s3ec05a18630ab1c3b9f14454cf70dc711/uploads/2024/10/2024102936.png]
[patna.dcourts.gov.in/sitemap/index.html]
[patna.dcourts.gov.in/about-department/history/index.html]
[cdnbbsr.s3waas.gov.in/s3ec05a18630ab1c3b9f14454cf70dc711/uploads/2024/10/2024102958.1f.delayed]
[patna.dcourts.gov.in/list-of-judges/index.html]
[cdnbbsr.s3waas.gov.in/s3ec05a18630ab1c3b9f14454cf70dc711/uploads/2024/10/2024102955.png]
[cdnbbsr.s3waas.gov.in/s3ec05a18630ab1c3b9f14454cf70dc711/uploads/2024/10/2024102944.png]
[patna.dcourts.gov.in/former-judges/index.html]
[cdnbbsr.s3waas.gov.in/s3ec05a18630ab1c3b9f14454cf70dc711/uploads/2025/07/2025070288.jpg]
[cdnbbsr.s3waas.gov.in/s3ec05a18630ab1c3b9f14454cf70dc711/uploads/2025/01/2025012186.jpg]
[cdnbbsr.s3waas.gov.in/s3ec05a18630ab1c3b9f14454cf70dc711/uploads/2025/01/2025012190.jpg]
[patna.dcourts.gov.in/judges-on-leave/index.html]
[cdnbbsr.s3waas.gov.in/s3ec05a18630ab1c3b9f14454cf70dc711/uploads/2024/11/2024111864.jpg]
[cdnbbsr.s3waas.gov.in/s3ec05a18630ab1c3b9f14454cf70dc711/uploads/2021/03/2021031857.png]
[cdnbbsr.s3waas.gov.in/s3ec05a18630ab1c3b9f14454cf70dc711/uploads/2021/03/2021031893.png]
[cdnbbsr.s3waas.gov.in/s3ec05a18630ab1c3b9f14454cf70dc711/uploads/2021/03/2021031842.png]
[patna.dcourts.gov.in/holiday-list/index.html]
[cdnbbsr.s3waas.gov.in/s3ec05a18630ab1c3b9f14454cf70dc711/uploads/2023/12/2023121974-1-1024x280.jpg]
[cdnbbsr.s3waas.gov.in/s3ec05a18630ab1c3b9f14454cf70dc711/uploads/bfi_thumb/2023121974-1-qh1oqn9x3g0uzwh549ymiqsgcxoyovbjv4kwvv16g6.jpg]
[cdnbbsr.s3waas.gov.in/s3ec05a18630ab1c3b9f14454cf70dc711/uploads/2023/12/2023121979-1024x280.jpg]
[cdnbbsr.s3waas.gov.in/s3ec05a18630ab1c3b9f14454cf70dc711/uploads/bfi_thumb/2023121979-qh1n31cdoof8q52870dcwab469hzjvoco37e95ez1i.jpg]
[cdnbbsr.s3waas.gov.in/s3ec05a18630ab1c3b9f14454cf70dc711/uploads/2023/12/2023121957-1-1024x280.jpg]
[patna.dcourts.gov.in/contact-us/index.html]
[cdnbbsr.s3waas.gov.in/s3ec05a18630ab1c3b9f14454cf70dc711/uploads/bfi_thumb/2023121957-1-qh1mypb666hn6vcvi4xaedolkav224gwqmwsl7ubqe.jpg]
[cdnbbsr.s3waas.gov.in/s3ec05a18630ab1c3b9f14454cf70dc711/uploads/2023/12/2023121910-1024x280.jpg]
[cdnbbsr.s3waas.gov.in/s3ec05a18630ab1c3b9f14454cf70dc711/uploads/bfi_thumb/2023121910-qh1n4hzcbefasaxrnn4grx0xfuajixhbjbql4n8xd2.jpg]
[cdnbbsr.s3waas.gov.in/s3ec05a18630ab1c3b9f14454cf70dc711/uploads/bfi_thumb/2021031825-qgba5ajfjfh60ze814yd1nlyv1ye14qzifel1oldyg.png]
[cdnbbsr.s3waas.gov.in/s3ec05a18630ab1c3b9f14454cf70dc711/uploads/bfi_thumb/2021031862-qgba57pwyxdb25ibhlqhc6bl2wcae1fsi1g4lupkh4.png]
[patna.dcourts.gov.in/high-court/index.html]
[cdnbbsr.s3waas.gov.in/s3ec05a18630ab1c3b9f14454cf70dc711/uploads/bfi_thumb/2021031896-1-qgba57pwyxdb25ibhlqhc6bl2wcae1fsi1g4lupkh4.png]
[cdnbbsr.s3waas.gov.in/s3ec05a18630ab1c3b9f14454cf70dc711/uploads/bfi_thumb/2021031823-qgba5bh9q9igclcuvnczm5dfgftr8tupuk22iyjzs8.png]
[cdnbbsr.s3waas.gov.in/s3ec05a18630ab1c3b9f14454cf70dc711/uploads/bfi_thumb/20210318100-qgba56s2s3c0qjjon3burok4higx6cc25wsn4kqync.png]
[patna.dcourts.gov.in/case-status-search-by-case-number/index.html]
[cdnbbsr.s3waas.gov.in/s3ec05a18630ab1c3b9f14454cf70dc711/uploads/bfi_thumb/2021031876-qgba55u8l9aqexl1skx876snw4ljyn8bts55nasctk.png]
[patna.dcourts.gov.in/case-status-search-by-case-type/index.html]
[cdnbbsr.s3waas.gov.in/s3ec05a18630ab1c3b9f14454cf70dc711/uploads/bfi_thumb/2022020464-qgba5077g930h9t8pihgs87wbtdcoglxt088rn0puw.png]
[patna.dcourts.gov.in/wp-content/themes/sdo-theme/images/s3waas.png]
[patna.dcourts.gov.in/wp-content/themes/sdo-theme/images/digitalIndia.png]
[patna.dcourts.gov.in/case-status-search-by-fir-number/index.html]
[patna.dcourts.gov.in/wp-content/themes/sdo-theme/images/Department_of_Justice.png]
[patna.dcourts.gov.in/wp-content/themes/sdo-theme/images/ecommittee-logo.png]
[patna.dcourts.gov.in/wp-content/themes/sdo-theme/images/IC-logo.png]
[patna.dcourts.gov.in/case-status-search-by-filing-number/index.html]
[patna.dcourts.gov.in/case-status-search-by-petitioner-respondent/index.html]
[patna.dcourts.gov.in/wp-content/themes/sdo-theme/images/nicLogo.png]
[patna.dcourts.gov.in/wp-content/plugins/js_composer/assets/lib/bower/flexslider/flexslider.mine6df.css]
[patna.dcourts.gov.in/wp-content/plugins/awas-shortcode/assets/css/custom-flexslider0899.css]
[patna.dcourts.gov.in/case-status-search-by-advocate/index.html]
[patna.dcourts.gov.in/wp-content/plugins/awas-shortcode/assets/css/news-ticker0899.css]
[patna.dcourts.gov.in/wp-content/plugins/awas-shortcode/assets/css/profile-hm0899.css]
[patna.dcourts.gov.in/wp-content/plugins/js_composer/assets/css/js_composer_tta.mine6df.css]
[patna.dcourts.gov.in/case-status-search-by-act-type/index.html]
[patna.dcourts.gov.in/court-orders-search-by-case-number/index.html]
[patna.dcourts.gov.in/wp-content/plugins/awas-shortcode/assets/css/list-style.min0899.css]
[patna.dcourts.gov.in/wp-content/plugins/awas-shortcode/assets/css/component-helper0899.css]
[patna.dcourts.gov.in/wp-content/plugins/awas-shortcode/assets/css/photo-gallery-home0899.css]
[patna.dcourts.gov.in/wp-content/plugins/awas-shortcode/assets/css/footer-logo-carousel0899.css]
[patna.dcourts.gov.in/court-orders-search-by-order-date/index.html]
[patna.dcourts.gov.in/wp-content/plugins/common_utility/js/common4963.js]
[patna.dcourts.gov.in/wp-content/plugins/ecourt/js/select2.min8a54.js]
[patna.dcourts.gov.in/wp-content/plugins/ecourt/js/datepicker8a54.js]
[patna.dcourts.gov.in/wp-content/plugins/ecourt/js/jquery.validate.min8a54.js]
[patna.dcourts.gov.in/court-orders-search-by-court-number/index.html]
[patna.dcourts.gov.in/wp-content/plugins/ecourt/js/ecourt-services-api8a54.js]
[patna.dcourts.gov.in/wp-content/themes/sdo-theme/js/core.min5aed.js]
[patna.dcourts.gov.in/wp-content/themes/sdo-theme/js/datepicker.min4963.js]
[patna.dcourts.gov.in/court-orders-search-by-party-name/index.html]
[patna.dcourts.gov.in/cause-list-⁄-daily-board/index.html]
[patna.dcourts.gov.in/wp-content/themes/sdo-theme/js/ui/jquery.flexslider4963.js]
[patna.dcourts.gov.in/wp-content/themes/sdo-theme/js/easyResponsiveTabs4963.js]
[patna.dcourts.gov.in/wp-content/themes/sdo-theme/js/jquery.fancybox4963.js]
[patna.dcourts.gov.in/caveat-search/index.html]
[patna.dcourts.gov.in/documents/index.html]
[patna.dcourts.gov.in/forms/index.html]
[patna.dcourts.gov.in/wp-content/themes/sdo-theme/js/style.switcher4963.js]
[patna.dcourts.gov.in/document-category/circular-notices/index.html]
[patna.dcourts.gov.in/wp-content/themes/sdo-theme/js/menu4963.js]
[patna.dcourts.gov.in/document-category/management-tools/index.html]
[patna.dcourts.gov.in/wp-content/themes/sdo-theme/js/table.min4963.js]
[patna.dcourts.gov.in/wp-content/themes/sdo-theme/js/custom4963.js]
[patna.dcourts.gov.in/wp-content/themes/sdo-theme/js/extra4963.js]
[patna.dcourts.gov.in/wp-content/plugins/js_composer/assets/js/dist/js_composer_front.mine6df.js]
[patna.dcourts.gov.in/document-category/notification/index.html]
[patna.dcourts.gov.in/wp-content/plugins/js_composer/assets/lib/bower/flexslider/jquery.flexslider-mine6df.js]
[patna.dcourts.gov.in/wp-content/plugins/js_composer/assets/lib/vc_accordion/vc-accordion.mine6df.js]
[patna.dcourts.gov.in/wp-content/plugins/js_composer/assets/lib/vc-tta-autoplay/vc-tta-autoplay.mine6df.js]
[patna.dcourts.gov.in/wp-content/plugins/js_composer/assets/lib/vc_tabs/vc-tabs.mine6df.js]
[patna.dcourts.gov.in/index.html]
[patna.dcourts.gov.in/xmlrpc.html]
[patna.dcourts.gov.in/wp-content/themes/sdo-theme/css/print.css]
[patna.dcourts.gov.in/document-category/performance-measurement-report/index.html]
[patna.dcourts.gov.in/document-category/rules-and-regulations/index.html]
[patna.dcourts.gov.in/document-category/pleaders-and-bar-association/index.html]
[patna.dcourts.gov.in/wp-includes/css/dist/block-library/style.min0899.css]
[patna.dcourts.gov.in/document-category/statistical-reports/index.html]
[patna.dcourts.gov.in/wp-content/plugins/common_utility/css/extra.features4963.css]
[patna.dcourts.gov.in/notice-category/tenders/index.html]
[patna.dcourts.gov.in/notice-category/recruitments/index.html]
[patna.dcourts.gov.in/duty-magistrate/index.html]
[patna.dcourts.gov.in/police-station-wise-magistrate/index.html]
[patna.dcourts.gov.in/photo-gallery/index.html]
[patna.dcourts.gov.in/wp-content/plugins/contact-form-7/assets/ajax-loader.gif]
[patna.dcourts.gov.in/wp-content/plugins/contact-form-7/includes/css/styles9dff.css]
[patna.dcourts.gov.in/video-gallery/index.html]
[patna.dcourts.gov.in/wp-content/plugins/ecourt/css/datepicker.css]
[patna.dcourts.gov.in/wp-content/plugins/ecourt/css/style0899.css]
[patna.dcourts.gov.in/category/news/index.html]
[patna.dcourts.gov.in/category/press-release/index.html]
[patna.dcourts.gov.in/wp-content/plugins/ecourt/css/select2.min0899.css]
[patna.dcourts.gov.in/publication-type/brochures/index.html]
[patna.dcourts.gov.in/publication-type/newsletters/index.html]
[patna.dcourts.gov.in/document/notice-regarding-stenographer-appointment-letter/index.html]
[patna.dcourts.gov.in/document/order-no-131-2024-dated-31-07-2024-regarding-vishaka-committee-of-patna-judgeship/index.html]
[patna.dcourts.gov.in/notice/notice-dated-02-04-2025-in-connection-with-objections-raised-by-candidates-in-respect-of-model-answers-emp-notice-no-01-2022/index.html]
[patna.dcourts.gov.in/notice/notice-dated-19-04-2025-regarding-written-test-for-clerk-pursuant-to-emp-notice-no-01-of-2022/index.html]
[patna.dcourts.gov.in/notice/notice-dated-26-04-2025-selection-of-aditya-prakash-for-appointment-to-the-post-of-clerk-in-view-of-l/index.html]
[patna.dcourts.gov.in/notice/notice-dated-10-04-2025-regarding-result-of-the-pt-exam-for-clerk-pursuant-to-emp-notice-no-01-of-2022/index.html]
[patna.dcourts.gov.in/wp-content/plugins/parichay-sso/img/corner.png]
[patna.dcourts.gov.in/wp-content/plugins/parichay-sso/css/login4963.css]
[patna.dcourts.gov.in/wp-content/plugins/wordpress-social-login/assets/css/style0899.css]
[patna.dcourts.gov.in/notice/notice-dated-26-04-2025-waiting-list-in-order-of-merit-for-the-post-of-c-r-cum-d-w-emp-notice-no-03-2022/index.html]
[patna.dcourts.gov.in/notice/notice-dated-12-07-2025-for-submission-of-declaration-form-regarding-belonging-or-not-in-tanti-tatwa-community-udcgrade-iii-emp-notice-no-01-2022/index.html]
[patna.dcourts.gov.in/notice/notice-dated-09-07-2025-regarding-one-additiona/index.html]
[patna.dcourts.gov.in/document/issuance-of-appointment-letter-for-the-post-of-stenographer-employment-notice-no-02-2022/index.html]
[patna.dcourts.gov.in/Judges/rupesh-deo/index.html]
[patna.dcourts.gov.in/wp-content/themes/sdo-theme/fonts/DXI1ORHCpsQm3Vp6mXoaTegdm0LZdjqr5-oayXSOefg.woff2]
[patna.dcourts.gov.in/virtual-hybrid-hearing/index.html]
[patna.dcourts.gov.in/wp-content/themes/sdo-theme/fonts/DXI1ORHCpsQm3Vp6mXoaTXhCUOGz7vYGh680lGh-uXM.woff]
[patna.dcourts.gov.in/wp-content/themes/sdo-theme/fonts/cJZKeOuBrn4kERxqtaUH3VtXRa8TVwTICgirnJhmVJw.woff2]
[patna.dcourts.gov.in/wp-content/themes/sdo-theme/fonts/cJZKeOuBrn4kERxqtaUH3T8E0i7KZn-EPnyo3HZu7kw.woff]
[patna.dcourts.gov.in/wp-content/themes/sdo-theme/fonts/MTP_ySUJH_bn48VBG8sNSugdm0LZdjqr5-oayXSOefg.woff2]
[patna.dcourts.gov.in/wp-content/themes/sdo-theme/fonts/MTP_ySUJH_bn48VBG8sNSnhCUOGz7vYGh680lGh-uXM.woff]
[patna.dcourts.gov.in/document/nstep-user-manual/index.html]
[patna.dcourts.gov.in/wp-content/themes/sdo-theme/fonts/k3k702ZOKiLJc3WVjuplzOgdm0LZdjqr5-oayXSOefg.woff2]
[patna.dcourts.gov.in/wp-content/themes/sdo-theme/fonts/k3k702ZOKiLJc3WVjuplzHhCUOGz7vYGh680lGh-uXM.woff]
[patna.dcourts.gov.in/feedback/index.html]
[patna.dcourts.gov.in/wp-content/themes/sdo-theme/fonts/EInbV5DfGHOiMmvb1Xr-hugdm0LZdjqr5-oayXSOefg.woff2]
[patna.dcourts.gov.in/wp-content/themes/sdo-theme/fonts/EInbV5DfGHOiMmvb1Xr-hnhCUOGz7vYGh680lGh-uXM.woff]
[patna.dcourts.gov.in/wp-content/themes/sdo-theme/fonts/icomooncb5a.eot]
[patna.dcourts.gov.in/wp-content/themes/sdo-theme/fonts/icomooncb5a.ttf]
[patna.dcourts.gov.in/wp-content/themes/sdo-theme/fonts/icomooncb5a.woff]
[patna.dcourts.gov.in/website-policies/index.html]
[patna.dcourts.gov.in/wp-content/themes/sdo-theme/fonts/roboto-black-webfont.woff2]
[patna.dcourts.gov.in/wp-content/themes/sdo-theme/fonts/roboto-black-webfont.woff]
[patna.dcourts.gov.in/wp-content/themes/sdo-theme/fonts/roboto-bold-webfont.woff2]
[patna.dcourts.gov.in/wp-content/themes/sdo-theme/fonts/roboto-bold-webfont.woff]
[patna.dcourts.gov.in/wp-content/themes/sdo-theme/fonts/robotocondensed-regular-webfont.woff2]
[patna.dcourts.gov.in/help/index.html]
[patna.dcourts.gov.in/wp-content/themes/sdo-theme/fonts/robotocondensed-regular-webfont.woff]
[patna.dcourts.gov.in/wp-content/themes/sdo-theme/fonts/roboto-light-webfont.woff2]
[patna.dcourts.gov.in/wp-content/themes/sdo-theme/fonts/roboto-light-webfont.woff]
[patna.dcourts.gov.in/wp-content/themes/sdo-theme/fonts/roboto-medium-webfont.woff2]
[patna.dcourts.gov.in/disclaimer/index.html]
[patna.dcourts.gov.in/wp-content/themes/sdo-theme/fonts/roboto-medium-webfont.woff]
[patna.dcourts.gov.in/wp-content/themes/sdo-theme/fonts/roboto-regular-webfont.woff2]
[patna.dcourts.gov.in/wp-content/themes/sdo-theme/fonts/roboto-regular-webfont.woff]
[patna.dcourts.gov.in/wp-content/themes/sdo-theme/fonts/roboto-thin-webfont.woff2]
[patna.dcourts.gov.in/wp-content/themes/sdo-theme/fonts/roboto-thin-webfont.woff]
[patna.dcourts.gov.in/wp-content/themes/sdo-theme/fonts/raleway-bold-webfont.woff2]
[patna.dcourts.gov.in/wp-content/themes/sdo-theme/fonts/raleway-bold-webfont.woff]
[patna.dcourts.gov.in/wp-content/themes/sdo-theme/fonts/raleway-extrabold-webfont.woff2]
[patna.dcourts.gov.in/wp-content/themes/sdo-theme/fonts/raleway-extrabold-webfont.woff]
[patna.dcourts.gov.in/wp-content/themes/sdo-theme/fonts/raleway-italic-webfont.woff2]
[patna.dcourts.gov.in/wp-content/themes/sdo-theme/fonts/raleway-italic-webfont.woff]
[patna.dcourts.gov.in/wp-content/themes/sdo-theme/fonts/raleway-light-webfont.woff2]
[patna.dcourts.gov.in/wp-content/themes/sdo-theme/fonts/raleway-light-webfont.woff]
[patna.dcourts.gov.in/wp-content/themes/sdo-theme/fonts/raleway-medium-webfont.woff2]
[patna.dcourts.gov.in/wp-content/themes/sdo-theme/fonts/raleway-medium-webfont.woff]
[patna.dcourts.gov.in/wp-content/themes/sdo-theme/fonts/raleway-regular-webfont.woff2]
[patna.dcourts.gov.in/wp-content/themes/sdo-theme/fonts/raleway-regular-webfont.woff]
[patna.dcourts.gov.in/wp-content/themes/sdo-theme/fonts/raleway-semibold-webfont.woff2]
[patna.dcourts.gov.in/wp-content/themes/sdo-theme/fonts/raleway-semibold-webfont.woff]
[patna.dcourts.gov.in/wp-content/themes/sdo-theme/fonts/raleway-thin-webfont.woff2]
[patna.dcourts.gov.in/wp-content/themes/sdo-theme/fonts/raleway-thin-webfont.woff]
[patna.dcourts.gov.in/wp-content/themes/sdo-theme/fonts/ptf55f-webfont.woff2]
[patna.dcourts.gov.in/wp-content/themes/sdo-theme/fonts/ptf55f-webfont.woff]
[patna.dcourts.gov.in/wp-content/themes/sdo-theme/fonts/ptf75f-webfont.woff2]
[patna.dcourts.gov.in/wp-content/themes/sdo-theme/fonts/ptf75f-webfont.woff]
[patna.dcourts.gov.in/wp-content/themes/sdo-theme/fonts/sourceserifpro-bold-webfont.woff2]
[patna.dcourts.gov.in/wp-content/themes/sdo-theme/fonts/sourceserifpro-bold-webfont.woff]
[patna.dcourts.gov.in/wp-content/themes/sdo-theme/fonts/sourceserifpro-regular-webfont.woff2]
[patna.dcourts.gov.in/wp-content/themes/sdo-theme/fonts/sourceserifpro-regular-webfont.woff]
[patna.dcourts.gov.in/wp-content/themes/sdo-theme/fonts/Questrial-Regular.woff2]
[patna.dcourts.gov.in/wp-content/themes/sdo-theme/fonts/Questrial-Regular.woff]
[patna.dcourts.gov.in/wp-content/themes/sdo-theme/fonts/Inter-ExtraBold.woff2]
[patna.dcourts.gov.in/wp-content/themes/sdo-theme/fonts/Inter-ExtraBold.woff]
[patna.dcourts.gov.in/wp-content/themes/sdo-theme/fonts/Inter-Black.woff2]
[patna.dcourts.gov.in/wp-content/themes/sdo-theme/fonts/Inter-Black.woff]
[patna.dcourts.gov.in/wp-content/themes/sdo-theme/fonts/Inter-Bold.woff2]
[patna.dcourts.gov.in/wp-content/themes/sdo-theme/fonts/Inter-Bold.woff]
[patna.dcourts.gov.in/wp-content/themes/sdo-theme/fonts/Inter-ExtraLight.woff2]
[patna.dcourts.gov.in/wp-content/themes/sdo-theme/fonts/Inter-ExtraLight.woff]
[patna.dcourts.gov.in/wp-content/themes/sdo-theme/fonts/Inter-Medium.woff2]
[patna.dcourts.gov.in/wp-content/themes/sdo-theme/fonts/Inter-Medium.woff]
[patna.dcourts.gov.in/wp-content/themes/sdo-theme/fonts/Inter-Light.woff2]
[patna.dcourts.gov.in/wp-content/themes/sdo-theme/fonts/Inter-Light.woff]
[patna.dcourts.gov.in/wp-content/themes/sdo-theme/fonts/Inter-Regular.woff2]
[patna.dcourts.gov.in/wp-content/themes/sdo-theme/fonts/Inter-Regular.woff]
[patna.dcourts.gov.in/wp-content/themes/sdo-theme/fonts/Inter-SemiBold.woff2]
[patna.dcourts.gov.in/wp-content/themes/sdo-theme/fonts/Inter-SemiBold.woff]
[patna.dcourts.gov.in/wp-content/themes/sdo-theme/fonts/Inter-Thin.woff2]
[patna.dcourts.gov.in/wp-content/themes/sdo-theme/fonts/Inter-Thin.woff]
[patna.dcourts.gov.in/wp-content/themes/sdo-theme/images/ui-icons_444444_256x240.png]
[patna.dcourts.gov.in/wp-content/themes/sdo-theme/images/ui-icons_ffffff_256x240.png]
[patna.dcourts.gov.in/wp-content/themes/sdo-theme/images/ui-icons_777620_256x240.png]
[patna.dcourts.gov.in/wp-content/themes/sdo-theme/images/ui-icons_cc0000_256x240.png]
[patna.dcourts.gov.in/wp-content/themes/sdo-theme/images/ui-icons_777777_256x240.png]
[patna.dcourts.gov.in/wp-content/themes/sdo-theme/css/base0899.css]
[patna.dcourts.gov.in/wp-content/themes/sdo-theme/fonts/flexslider-icon.eot]
[patna.dcourts.gov.in/wp-content/themes/sdo-theme/fonts/flexslider-icond41d.eot]
[patna.dcourts.gov.in/wp-content/themes/sdo-theme/fonts/flexslider-icon.woff]
[patna.dcourts.gov.in/wp-content/themes/sdo-theme/css/fancybox_sprite.png]
[patna.dcourts.gov.in/wp-content/themes/sdo-theme/css/fancybox_loading.gif]
[patna.dcourts.gov.in/wp-content/themes/sdo-theme/css/fancybox_overlay.png]
[patna.dcourts.gov.in/wp-content/themes/sdo-theme/css/fancybox_sprite@2x.png]
[patna.dcourts.gov.in/wp-content/themes/sdo-theme/css/fancybox_loading@2x.gif]
[patna.dcourts.gov.in/wp-content/themes/sdo-theme/css/addons/sliderhelper0899.css]
[patna.dcourts.gov.in/wp-content/themes/sdo-theme/style0899.css]
[patna.dcourts.gov.in/wp-content/plugins/awaas-metaboxes/css/images/ui-icons_444444_256x240.png]
[patna.dcourts.gov.in/wp-content/plugins/awaas-metaboxes/css/jquery.ui.datepicker5152.css]
[patna.dcourts.gov.in/wp-content/plugins/js_composer/assets/vc/alert.png]
[patna.dcourts.gov.in/wp-content/plugins/js_composer/assets/vc/info.png]
[patna.dcourts.gov.in/wp-content/plugins/js_composer/assets/vc/tick.png]
[patna.dcourts.gov.in/wp-content/plugins/js_composer/assets/vc/exclamation.png]
[patna.dcourts.gov.in/wp-content/plugins/js_composer/assets/images/icons/address-book.png]
[patna.dcourts.gov.in/wp-content/plugins/js_composer/assets/images/icons/alarm-clock.png]
[patna.dcourts.gov.in/wp-content/plugins/js_composer/assets/images/icons/anchor.png]
[patna.dcourts.gov.in/wp-content/plugins/js_composer/assets/images/icons/application-image.png]
[patna.dcourts.gov.in/wp-content/plugins/js_composer/assets/images/icons/arrow.png]
[patna.dcourts.gov.in/wp-content/plugins/js_composer/assets/images/icons/asterisk.png]
[patna.dcourts.gov.in/wp-content/plugins/js_composer/assets/images/icons/auction-hammer.png]
[patna.dcourts.gov.in/wp-content/plugins/js_composer/assets/images/icons/balloon.png]
[patna.dcourts.gov.in/wp-content/plugins/js_composer/assets/images/icons/balloon-buzz.png]
[patna.dcourts.gov.in/wp-content/plugins/js_composer/assets/images/icons/balloon-facebook.png]
[patna.dcourts.gov.in/wp-content/plugins/js_composer/assets/images/icons/balloon-twitter.png]
[patna.dcourts.gov.in/wp-content/plugins/js_composer/assets/images/icons/battery-full.png]
[patna.dcourts.gov.in/wp-content/plugins/js_composer/assets/images/icons/binocular.png]
[patna.dcourts.gov.in/wp-content/plugins/js_composer/assets/images/icons/blue-document-excel.png]
[patna.dcourts.gov.in/wp-content/plugins/js_composer/assets/images/icons/blue-document-image.png]
[patna.dcourts.gov.in/wp-content/plugins/js_composer/assets/images/icons/blue-document-music.png]
[patna.dcourts.gov.in/wp-content/plugins/js_composer/assets/images/icons/blue-document-office.png]
[patna.dcourts.gov.in/wp-content/plugins/js_composer/assets/images/icons/blue-document-pdf.png]
[patna.dcourts.gov.in/wp-content/plugins/js_composer/assets/images/icons/blue-document-powerpoint.png]
[patna.dcourts.gov.in/wp-content/plugins/js_composer/assets/images/icons/blue-document-word.png]
[patna.dcourts.gov.in/wp-content/plugins/js_composer/assets/images/icons/bookmark.png]
[patna.dcourts.gov.in/wp-content/plugins/js_composer/assets/images/icons/camcorder.png]
[patna.dcourts.gov.in/wp-content/plugins/js_composer/assets/images/icons/camera.png]
[patna.dcourts.gov.in/wp-content/plugins/js_composer/assets/images/icons/chart.png]
[patna.dcourts.gov.in/wp-content/plugins/js_composer/assets/images/icons/chart-pie.png]
[patna.dcourts.gov.in/wp-content/plugins/js_composer/assets/images/icons/clock.png]
[patna.dcourts.gov.in/wp-content/plugins/js_composer/assets/images/icons/control.png]
[patna.dcourts.gov.in/wp-content/plugins/js_composer/assets/images/icons/fire.png]
[patna.dcourts.gov.in/wp-content/plugins/js_composer/assets/images/icons/heart.png]
[patna.dcourts.gov.in/wp-content/plugins/js_composer/assets/images/icons/mail.png]
[patna.dcourts.gov.in/wp-content/plugins/js_composer/assets/images/icons/plus-shield.png]
[patna.dcourts.gov.in/wp-content/plugins/js_composer/assets/images/icons/video.png]
[patna.dcourts.gov.in/wp-content/plugins/js_composer/assets/fonts/vc_icons_v2/fonts/vcpb-plugin-iconsb82a.eot]
[patna.dcourts.gov.in/wp-content/plugins/js_composer/assets/fonts/vc_icons_v2/fonts/vcpb-plugin-iconsb82a.ttf]
[patna.dcourts.gov.in/wp-content/plugins/js_composer/assets/fonts/vc_icons_v2/fonts/vcpb-plugin-iconsb82a.woff]
[patna.dcourts.gov.in/wp-content/plugins/js_composer/assets/images/toggle_open.png]
[patna.dcourts.gov.in/wp-content/plugins/js_composer/assets/images/toggle_close.png]
[patna.dcourts.gov.in/wp-content/plugins/js_composer/assets/images/flickr.png]
[patna.dcourts.gov.in/wp-content/plugins/js_composer/assets/fonts/vc_grid/vc_grid_v157a1.eot]
[patna.dcourts.gov.in/wp-content/plugins/js_composer/assets/fonts/vc_grid/vc_grid_v1d41d.eot]
[patna.dcourts.gov.in/wp-content/plugins/js_composer/assets/fonts/vc_grid/vc_grid_v157a1.woff]
[patna.dcourts.gov.in/wp-content/plugins/js_composer/assets/fonts/vc_grid/vc_grid_v157a1.ttf]
[patna.dcourts.gov.in/wp-content/plugins/js_composer/assets/images/spinner.gif]
[patna.dcourts.gov.in/wp-content/plugins/js_composer/assets/vc/remove.png]
[patna.dcourts.gov.in/wp-content/plugins/js_composer/assets/css/js_composer.mine6df.css]
[patna.dcourts.gov.in/wp-content/plugins/awaas-accessibility/fonts/fontawesome-webfont3e6e.eot]
[patna.dcourts.gov.in/wp-content/plugins/awaas-accessibility/fonts/fontawesome-webfontd41d.eot]
[patna.dcourts.gov.in/wp-content/plugins/awaas-accessibility/fonts/fontawesome-webfont3e6e.woff2]
[patna.dcourts.gov.in/wp-content/plugins/awaas-accessibility/fonts/fontawesome-webfont3e6e.woff]
[patna.dcourts.gov.in/wp-content/plugins/awaas-accessibility/fonts/fontawesome-webfont3e6e.ttf]
[patna.dcourts.gov.in/wp-content/plugins/awaas-accessibility/css/font-awsome0899.css]
[patna.dcourts.gov.in/wp-json/index.html]
[patna.dcourts.gov.in/wp-json/wp/v2/pages/5145.json]
[patna.dcourts.gov.in/xmlrpc0db0.html]
[patna.dcourts.gov.in/wp-json/oembed/1.0/embed18a5.json]
[patna.dcourts.gov.in/wp-json/oembed/1.0/embed963f]
[patna.dcourts.gov.in/wp-content/themes/sdo-theme/images/search_icon.svg]
[patna.dcourts.gov.in/wp-content/themes/sdo-theme/images/social_media.svg]
[patna.dcourts.gov.in/wp-content/themes/sdo-theme/images/youtube_icon.svg]
[patna.dcourts.gov.in/sitemap/index.html]
[patna.dcourts.gov.in/wp-content/themes/sdo-theme/images/sitemap_icon.svg]
[patna.dcourts.gov.in/wp-content/themes/sdo-theme/images/accessibility_icon.svg]
[patna.dcourts.gov.in/wp-content/themes/sdo-theme/images/emblem.svg]
[patna.dcourts.gov.in/about-department/history/index.html]
[cdnbbsr.s3waas.gov.in/s3ec05a18630ab1c3b9f14454cf70dc711/uploads/bfi_thumb/2025042161-r4nyhrmwrbq0hv3ze0rkbmmud3g0rtsxj19ykrum3o.jpg]
[cdnbbsr.s3waas.gov.in/s3ec05a18630ab1c3b9f14454cf70dc711/uploads/bfi_thumb/2025042125-r4nyfoftkkv2p257l49es5lyu9qno1iekp346my3x6.jpg]
[cdnbbsr.s3waas.gov.in/s3ec05a18630ab1c3b9f14454cf70dc711/uploads/bfi_thumb/2025042150-1-r4nyd67bchfjqhsa81984sdpta3f53k68agi42nwgk.jpg]
[cdnbbsr.s3waas.gov.in/s3ec05a18630ab1c3b9f14454cf70dc711/uploads/bfi_thumb/2025042117-r4nyahdxsjr0inowxdenhyt8mlcm49vtiz9hokngg4.jpg]
[cdnbbsr.s3waas.gov.in/s3ec05a18630ab1c3b9f14454cf70dc711/uploads/bfi_thumb/2025042121-r4ny7lzowrth1jv3p4povowja7i8lkhcgri2w4wrem.jpg]
[cdnbbsr.s3waas.gov.in/s3ec05a18630ab1c3b9f14454cf70dc711/uploads/bfi_thumb/2025042155-r4ny4sh4enyi7nyk5wtzeeir4leli9ac2t1n293a04.jpg]
[patna.dcourts.gov.in/Judges/rupesh-deo-2/index.html]
[cdnbbsr.s3waas.gov.in/s3ec05a18630ab1c3b9f14454cf70dc711/uploads/bfi_thumb/2025042167-r4ny0sntd0hmvbrghoo2awt88n3fskfej18cmx0ijq.jpg]
[cdnbbsr.s3waas.gov.in/s3ec05a18630ab1c3b9f14454cf70dc711/uploads/bfi_thumb/2025042154-r4nxtaw4vk8cb8nb8y24xavxr213ffoftxzzwi4i30.jpg]
[cdnbbsr.s3waas.gov.in/s3ec05a18630ab1c3b9f14454cf70dc711/uploads/bfi_thumb/2025042150-r4nxnl1hauejomybmz2u98tzno7plpz81n4nswlpts.jpg]
[cdnbbsr.s3waas.gov.in/s3ec05a18630ab1c3b9f14454cf70dc711/uploads/bfi_thumb/2025042116-r4nxlr8s0fwh3xlwb6myepfq2p80mwq0glgo7jba18.jpg]
[cdnbbsr.s3waas.gov.in/s3ec05a18630ab1c3b9f14454cf70dc711/uploads/bfi_thumb/2025042118-r4nxjavy60jisl68n4g0wbqe8hbijcz8sg513iyacw.jpg]
[patna.dcourts.gov.in/Judges/sunil-dutta-pandey/index.html]
[cdnbbsr.s3waas.gov.in/s3ec05a18630ab1c3b9f14454cf70dc711/uploads/bfi_thumb/2025042190-r4nxgrplr32pieuofj17ogqom3swspxa3wuxjoph1o.jpg]
[cdnbbsr.s3waas.gov.in/s3ec05a18630ab1c3b9f14454cf70dc711/uploads/bfi_thumb/2025042191-r4nxdlz4s4r0hlfvvnvcsrfwqhdhxcdrc9x6h7e3qi.jpg]
[patna.dcourts.gov.in/Judges/sangam-singh-2/index.html]
[cdnbbsr.s3waas.gov.in/s3ec05a18630ab1c3b9f14454cf70dc711/uploads/bfi_thumb/2025041936-r4ku5bmq676kzxw43sd1q8ae3xzwwdn04w5srkl6z0.jpg]
[cdnbbsr.s3waas.gov.in/s3ec05a18630ab1c3b9f14454cf70dc711/uploads/bfi_thumb/2025041923-r4ksp0vzx1l90zuwhojbhxe495rpmn0na1g8ic4r6y.jpg]
[patna.dcourts.gov.in/Judges/neeraj-kumar-ii/index.html]
[cdnbbsr.s3waas.gov.in/s3ec05a18630ab1c3b9f14454cf70dc711/uploads/bfi_thumb/2025041942-r4ksm6fl83ozvhzq3y8zg58vi5spbmpwjycb76cnz8.jpg]
[cdnbbsr.s3waas.gov.in/s3ec05a18630ab1c3b9f14454cf70dc711/uploads/bfi_thumb/20250419100-r4ksiu48xb4aleuhmi8qkzlvgu9pydg9feu5rrb270.jpg]
[cdnbbsr.s3waas.gov.in/s3ec05a18630ab1c3b9f14454cf70dc711/uploads/bfi_thumb/2025041964-2-r4ksgm7yse2x6k2jl1pg71roz37is3n2sfdvz8livc.jpg]
[patna.dcourts.gov.in/Judges/akshay-kumar-singh/index.html]
[cdnbbsr.s3waas.gov.in/s3ec05a18630ab1c3b9f14454cf70dc711/uploads/bfi_thumb/2025041998-r4ksej0vln7zdr3rs57ankqtg9i5obcju371l3p0py.jpg]
[cdnbbsr.s3waas.gov.in/s3ec05a18630ab1c3b9f14454cf70dc711/uploads/bfi_thumb/2025041914-r4ks3578tvmyrrn2981ygg5ug9m4ga5kxqrccgko3y.jpg]
[cdnbbsr.s3waas.gov.in/s3ec05a18630ab1c3b9f14454cf70dc711/uploads/bfi_thumb/2025041364-r4aki5rxo0ohstadl6yvnqvb8xb3tg4iwjxb39920s.jpg]
[patna.dcourts.gov.in/Judges/rakesh-kumar-i/index.html]
[cdnbbsr.s3waas.gov.in/s3ec05a18630ab1c3b9f14454cf70dc711/uploads/bfi_thumb/2025041397-r4akdla6g0fbd1xb9pv61ednahtveezhxxrc3u0y3u.jpg]
[cdnbbsr.s3waas.gov.in/s3ec05a18630ab1c3b9f14454cf70dc711/uploads/bfi_thumb/2025041325-r4akak8wf8a1yaboyeqg05w6dsraliymuy30fqim5m.jpg]
[cdnbbsr.s3waas.gov.in/s3ec05a18630ab1c3b9f14454cf70dc711/uploads/bfi_thumb/2025041323-r4ajyywk4seqrf5wnec3937impwbnwxt9kffcvpeqg.jpg]
[patna.dcourts.gov.in/Judges/dhananjay-kumar-mishra/index.html]
[cdnbbsr.s3waas.gov.in/s3ec05a18630ab1c3b9f14454cf70dc711/uploads/bfi_thumb/2025041380-r4ajv2uluh30pitcd7sofkju4b2mt0ht2b82unh2o8.jpg]
[cdnbbsr.s3waas.gov.in/s3ec05a18630ab1c3b9f14454cf70dc711/uploads/bfi_thumb/2025041358-1-r4ajs3p07d0bxz4zqxh7jblaedqsfioenkuq53vydu.jpg]
[cdnbbsr.s3waas.gov.in/s3ec05a18630ab1c3b9f14454cf70dc711/uploads/bfi_thumb/2025041389-r4ajl9fagrn7g52poz0ye1qirfgmetiqdpxiem13me.jpg]
[cdnbbsr.s3waas.gov.in/s3ec05a18630ab1c3b9f14454cf70dc711/uploads/bfi_thumb/2025041388-r4aiicvrlmdyx5l2v5mu6v5pnb7ptt2od5w1cbpp62.jpg]
[cdnbbsr.s3waas.gov.in/s3ec05a18630ab1c3b9f14454cf70dc711/uploads/bfi_thumb/2025041359-r4aieuxe5tljpeo1an6twqxy1ogj6d6n7ugz18wgce.jpg]
[patna.dcourts.gov.in/Judges/md-rustam/index.html]
[cdnbbsr.s3waas.gov.in/s3ec05a18630ab1c3b9f14454cf70dc711/uploads/bfi_thumb/2025041318-r4aibkhq8p3f2jg2i7zu6ktv74oa8i4grk9skds1t0.jpg]
[cdnbbsr.s3waas.gov.in/s3ec05a18630ab1c3b9f14454cf70dc711/uploads/bfi_thumb/2025041356-r4ai7jql07l9elabzhfailcvpshrb45svnt0nrqoqw.jpg]
[patna.dcourts.gov.in/Judges/abhijit-kumar/index.html]
[cdnbbsr.s3waas.gov.in/s3ec05a18630ab1c3b9f14454cf70dc711/uploads/bfi_thumb/2025041342-r4ai3kv45e5odv1v5rnzzletf81yt4elo0n7ppmiq4.jpg]
[patna.dcourts.gov.in/Judges/sunil-kumar-ii/index.html]
[cdnbbsr.s3waas.gov.in/s3ec05a18630ab1c3b9f14454cf70dc711/uploads/bfi_thumb/2025041339-r4ahyn7m9pehfk7wz4viec8p5edlebtbzlcg0exxlw.jpg]
[patna.dcourts.gov.in/Judges/avinash-sharma/index.html]
[cdnbbsr.s3waas.gov.in/s3ec05a18630ab1c3b9f14454cf70dc711/uploads/bfi_thumb/2025041333-r4ahtsdmyir5g39vc1awikcynqbbmmj9bk04qy55pa.jpg]
[cdnbbsr.s3waas.gov.in/s3ec05a18630ab1c3b9f14454cf70dc711/uploads/bfi_thumb/2025041348-r4ahl2fjjutdqbxw99lidrl091aq7pwwse3ygj2nk8.jpg]
[patna.dcourts.gov.in/Judges/brajesh-kumar-pathak/index.html]
[patna.dcourts.gov.in/Judges/atul-kumar-singh/index.html]
[cdnbbsr.s3waas.gov.in/s3ec05a18630ab1c3b9f14454cf70dc711/uploads/bfi_thumb/2025040250-r3r7w2kgewo0fim10juv5m4sum0mv0ulzjbt3ys88u.jpg]
[patna.dcourts.gov.in/Judges/umesh-kumar-pandey/index.html]
[cdnbbsr.s3waas.gov.in/s3ec05a18630ab1c3b9f14454cf70dc711/uploads/bfi_thumb/2025040596-r3wf3yjd6v2d24jqswl8vtshv9ytnzqlavvjs9hgh6.jpg]
[cdnbbsr.s3waas.gov.in/s3ec05a18630ab1c3b9f14454cf70dc711/uploads/bfi_thumb/2025040223-r3r88re0oe1d606gx1bjteutjvh0rx85qcdscfywas.jpg]
[cdnbbsr.s3waas.gov.in/s3ec05a18630ab1c3b9f14454cf70dc711/uploads/bfi_thumb/2025040253-r3r8fe50wb472yjo6wiseqlwfqs931jzb6348q4w9c.jpg]
[patna.dcourts.gov.in/Judges/dadhich-narayan-bhardwaj/index.html]
[cdnbbsr.s3waas.gov.in/s3ec05a18630ab1c3b9f14454cf70dc711/uploads/bfi_thumb/2025040237-r3r8joak14z7z0br6r5lrnphuxog5ejykd2qy3sbx6.jpg]
[cdnbbsr.s3waas.gov.in/s3ec05a18630ab1c3b9f14454cf70dc711/uploads/bfi_thumb/2025040292-r3r9q6jt3f6106kyz4m8ixjwy8608naz2r588krehq.jpg]
[patna.dcourts.gov.in/Judges/bipin-kumar/index.html]
[cdnbbsr.s3waas.gov.in/s3ec05a18630ab1c3b9f14454cf70dc711/uploads/bfi_thumb/2025040285-r3r9thxb7dpfynrkm27utlfge5tme7gvv5zw6puejs.jpg]
[cdnbbsr.s3waas.gov.in/s3ec05a18630ab1c3b9f14454cf70dc711/uploads/bfi_thumb/2025032732-r3h5q3pp6mo682zklbga6782i6i47i0qfl3dagb504.jpg]
[cdnbbsr.s3waas.gov.in/s3ec05a18630ab1c3b9f14454cf70dc711/uploads/bfi_thumb/2025040238-r3rajnrlfdir3xrhudc17zrbm8vemxbxgnof1z1xe8.jpg]
[cdnbbsr.s3waas.gov.in/s3ec05a18630ab1c3b9f14454cf70dc711/uploads/bfi_thumb/2025040263-r3rapj9a53k9o78ajer3b0e19xwzqtnj9qgo18cckq.jpg]
[cdnbbsr.s3waas.gov.in/s3ec05a18630ab1c3b9f14454cf70dc711/uploads/bfi_thumb/2025040247-r3ras2fmk112ydjur05wivdqwbflhgphy9qrl2l5ve.jpg]
[cdnbbsr.s3waas.gov.in/s3ec05a18630ab1c3b9f14454cf70dc711/uploads/bfi_thumb/2025040221-r3rb87bvvn4a9e42iz9cbssm0fwfmerm64wu62nv22.jpg]
[patna.dcourts.gov.in/Judges/rajeev-nayan/index.html]
[cdnbbsr.s3waas.gov.in/s3ec05a18630ab1c3b9f14454cf70dc711/uploads/bfi_thumb/2025040220-r3rb4yrwc6oq9qtdfkvlqm7gcnux3xwwe40mnrgoea.jpg]
[cdnbbsr.s3waas.gov.in/s3ec05a18630ab1c3b9f14454cf70dc711/uploads/bfi_thumb/2025040397-r3sw0lcycjqftaitq6euxel6h5d435uowxc5ilfbuw.jpg]
[cdnbbsr.s3waas.gov.in/s3ec05a18630ab1c3b9f14454cf70dc711/uploads/bfi_thumb/2025040342-r3sw3eviunlen6fd9eakeoyymrgr6h1pavslch8t4y.jpg]
[patna.dcourts.gov.in/Judges/sulekha-jha/index.html]
[cdnbbsr.s3waas.gov.in/s3ec05a18630ab1c3b9f14454cf70dc711/uploads/bfi_thumb/2025040314-r3sw60vdu362w6mu0ix9c1921algk7euzt15c5dfwy.jpg]
[cdnbbsr.s3waas.gov.in/s3ec05a18630ab1c3b9f14454cf70dc711/uploads/bfi_thumb/2025040316-1-r3sw8y5b3j670idwxsfh3aookg6kib0sqa3j351ce8.jpg]
[cdnbbsr.s3waas.gov.in/s3ec05a18630ab1c3b9f14454cf70dc711/uploads/bfi_thumb/2025040312-r3swbffz4skfngs7gd11665h01yftjvaqk2nofcy0s.jpg]
[cdnbbsr.s3waas.gov.in/s3ec05a18630ab1c3b9f14454cf70dc711/uploads/bfi_thumb/2025040359-r3swe49coq8yvavkr0vlszpy6qp8udjnfv9o3xdeay.jpg]
[cdnbbsr.s3waas.gov.in/s3ec05a18630ab1c3b9f14454cf70dc711/uploads/bfi_thumb/2025040336-r3swh2h450adb8laissg4qx1ba5q069bigzjc6zwmk.jpg]
[patna.dcourts.gov.in/Judges/anand-kumar-srivastava/index.html]
[cdnbbsr.s3waas.gov.in/s3ec05a18630ab1c3b9f14454cf70dc711/uploads/bfi_thumb/2025041319-r4ahbrszyu3ax5fyj8ybq40wrv423h0gudv3m0uszg.jpg]
[cdnbbsr.s3waas.gov.in/s3ec05a18630ab1c3b9f14454cf70dc711/uploads/bfi_thumb/2025041327-r4ah8l4ot1qbkq2j4vdu9wyoauta0ed7qm9v29ku4s.jpg]
[cdnbbsr.s3waas.gov.in/s3ec05a18630ab1c3b9f14454cf70dc711/uploads/bfi_thumb/2025041374-r4ah5wbb941scvz5u7j9n3e7462gzkov1b2umrke0q.jpg]
[patna.dcourts.gov.in/Judges/prashant-kumar/index.html]
[cdnbbsr.s3waas.gov.in/s3ec05a18630ab1c3b9f14454cf70dc711/uploads/bfi_thumb/2025041363-r4ah2zz86i2yk66prgfogbq16ecq966nmynyd1v2y8.jpg]
[cdnbbsr.s3waas.gov.in/s3ec05a18630ab1c3b9f14454cf70dc711/uploads/bfi_thumb/2025041391-r4agzrf8n1nekiw0o21xv54vimb7qpbxuxrquqnwds.jpg]
[cdnbbsr.s3waas.gov.in/s3ec05a18630ab1c3b9f14454cf70dc711/uploads/bfi_thumb/2025041367-r4agtu1vjnjbd1hy9ztmn4z8o5iw7esvdloiwxg9m8.jpg]
[patna.dcourts.gov.in/Judges/raj-kumar-choudhary/index.html]
[cdnbbsr.s3waas.gov.in/s3ec05a18630ab1c3b9f14454cf70dc711/uploads/bfi_thumb/2025041352-r4agpv6eou3qcb9hga2c4516dl33pf1o5yipyvc43i.jpg]
[cdnbbsr.s3waas.gov.in/s3ec05a18630ab1c3b9f14454cf70dc711/uploads/bfi_thumb/2025041310-r4aghoyx9owzed4u68w3xp9wfzd7s5lopibqr9gc86.jpg]
[cdnbbsr.s3waas.gov.in/s3ec05a18630ab1c3b9f14454cf70dc711/uploads/bfi_thumb/2025041379-r4agebpqs2azso0yuah8i1vft9yv778b8u63ukg4g2.jpg]
[cdnbbsr.s3waas.gov.in/s3ec05a18630ab1c3b9f14454cf70dc711/uploads/bfi_thumb/2025040246-r3r60lphv0b334m2zdyw6n1puyk6d507dll50ytix0.jpg]
[patna.dcourts.gov.in/Judges/manish-kumar/index.html]
[cdnbbsr.s3waas.gov.in/s3ec05a18630ab1c3b9f14454cf70dc711/uploads/bfi_thumb/2025040236-r3r6er60r7ohvs22ci6oq2hjtst4936pzn6b4xu512.jpg]
[patna.dcourts.gov.in/wp-content/plugins/awas-shortcode/assets/js/tabular_content8a54.js]
[patna.dcourts.gov.in/list-of-judges/index.html]
[patna.dcourts.gov.in/Judges/amit-kumar-dixit/index.html]
[patna.dcourts.gov.in/Judges/vivek-bharadwaj/index.html]
[patna.dcourts.gov.in/Judges/samrendra-gandhi/index.html]
[patna.dcourts.gov.in/Judges/shailendra-kumar-singh/index.html]
[patna.dcourts.gov.in/Judges/ram-manohar-choudhary/index.html]
[patna.dcourts.gov.in/Judges/apurva-nayak/index.html]
[patna.dcourts.gov.in/Judges/dheerajendra-patanjali/index.html]
[patna.dcourts.gov.in/Judges/sonal-biswas/index.html]
[patna.dcourts.gov.in/wp-content/plugins/awas-shortcode/assets/css/former-head0899.css]
[patna.dcourts.gov.in/former-judges/index.html]
[patna.dcourts.gov.in/Judges/sudha-rani/index.html]
[patna.dcourts.gov.in/Judges/khushboo-anand/index.html]
[patna.dcourts.gov.in/Judges/sayed-aamir-ali/index.html]
[patna.dcourts.gov.in/Judges/amit-kumar-aryan/index.html]
[patna.dcourts.gov.in/Judges/jay-prakash-mahto/index.html]
[patna.dcourts.gov.in/Judges/bhupendra-singh-2/index.html]
[patna.dcourts.gov.in/judges-on-leave/index.html]
[patna.dcourts.gov.in/Judges/kumar-gunjan/index.html]
[patna.dcourts.gov.in/Judges/manoj-kumar-srivastava/index.html]
[patna.dcourts.gov.in/Judges/shree-prakash/index.html]
[patna.dcourts.gov.in/Judges/rajnish-ranjan/index.html]
[patna.dcourts.gov.in/Judges/kshiprachala-anjalee/index.html]
[patna.dcourts.gov.in/Judges/swarn-prabhat/index.html]
[patna.dcourts.gov.in/Judges/naghma-tarannum/index.html]
[patna.dcourts.gov.in/Judges/chandra-bhushan-ram/index.html]
[patna.dcourts.gov.in/Judges/divya-amal/index.html]
[patna.dcourts.gov.in/Judges/vikas-kumar-singh/index.html]
[patna.dcourts.gov.in/Judges/satish-kumar/index.html]
[patna.dcourts.gov.in/Judges/priyanka-kumari/index.html]
[patna.dcourts.gov.in/wp-content/plugins/awas-shortcode/assets/css/holiday-calendar0899.css]
[patna.dcourts.gov.in/wp-content/plugins/awas-shortcode/assets/js/holiday-calendar8a54.js]
[patna.dcourts.gov.in/holiday-list/index.html]
[patna.dcourts.gov.in/Judges/sumit-kumar/index.html]
[patna.dcourts.gov.in/Judges/md-arbaz-ansari/index.html]
[patna.dcourts.gov.in/Judges/archana/index.html]
[patna.dcourts.gov.in/Judges/kumar-shubham/index.html]
[patna.dcourts.gov.in/Judges/vinit-kumar-sah/index.html]
[patna.dcourts.gov.in/Judges/kumari-anamika-dagar/index.html]
[patna.dcourts.gov.in/Judges/aishwarya-deep/index.html]
[patna.dcourts.gov.in/contact-us/index.html]
[patna.dcourts.gov.in/Judges/sankash-chandra/index.html]
[patna.dcourts.gov.in/Judges/rupa-rani/index.html]
[patna.dcourts.gov.in/Judges/sanjeev-kumar-i/index.html]
[patna.dcourts.gov.in/Judges/shubham-tripathi/index.html]
[patna.dcourts.gov.in/Judges/navin-kumar/index.html]
[patna.dcourts.gov.in/Judges/ashutosh-kumar/index.html]
[patna.dcourts.gov.in/Judges/satya-prakash/index.html]
[patna.dcourts.gov.in/Judges/naveen-kumar-gautam/index.html]
[patna.dcourts.gov.in/Judges/kartikey-satyam-kishore/index.html]
[patna.dcourts.gov.in/Judges/ravi-pandey/index.html]
[patna.dcourts.gov.in/high-court/index.html]
[patna.dcourts.gov.in/Judges/pawan-kumar-chaudhary/index.html]
[patna.dcourts.gov.in/judges-on-leave/indexfcad.html]
[patna.dcourts.gov.in/wp-content/plugins/securimage-wp/lib/images/loading.png]
[patna.dcourts.gov.in/wp-content/plugins/securimage-wp/securimage-wp0899.css]
[patna.dcourts.gov.in/wp-content/plugins/ecourt/services/case-number/api8a54.js]
[patna.dcourts.gov.in/case-status-search-by-case-number/index.html]
[patna.dcourts.gov.in/wp-content/plugins/securimage-wp/lib/securimage-wp0899.js]
[patna.dcourts.gov.in/index25eb.html]
[patna.dcourts.gov.in/indexaa7d.html]
[patna.dcourts.gov.in/wp-content/plugins/ecourt/services/case-type/api8a54.js]
[patna.dcourts.gov.in/case-status-search-by-case-type/index.html]
[patna.dcourts.gov.in/index91ec.html]
[patna.dcourts.gov.in/indexb506.html]
[patna.dcourts.gov.in/wp-content/plugins/ecourt/services/fir-number/api8a54.js]
[patna.dcourts.gov.in/case-status-search-by-fir-number/index.html]
[patna.dcourts.gov.in/index5e31.html]
[patna.dcourts.gov.in/index3134.html]
[patna.dcourts.gov.in/wp-content/plugins/ecourt/services/case-code/api8a54.js]
[patna.dcourts.gov.in/case-status-search-by-filing-number/index.html]
[patna.dcourts.gov.in/index7c1c.html]
[patna.dcourts.gov.in/indexfa18.html]
[patna.dcourts.gov.in/wp-content/plugins/ecourt/services/party-name/api8a54.js]
[patna.dcourts.gov.in/case-status-search-by-petitioner-respondent/index.html]
[patna.dcourts.gov.in/indexf906.html]
[patna.dcourts.gov.in/index28d2.html]
[patna.dcourts.gov.in/wp-content/plugins/ecourt/services/advocate/api8a54.js]
[patna.dcourts.gov.in/case-status-search-by-advocate/index.html]
[patna.dcourts.gov.in/indexc648.html]
[patna.dcourts.gov.in/index57d8.html]
[patna.dcourts.gov.in/wp-content/plugins/ecourt/services/act/api8a54.js]
[patna.dcourts.gov.in/case-status-search-by-act-type/index.html]
[patna.dcourts.gov.in/indexd7b7.html]
[patna.dcourts.gov.in/indexa6d5.html]
[patna.dcourts.gov.in/wp-content/plugins/ecourt/services/case-number-order/api8a54.js]
[patna.dcourts.gov.in/court-orders-search-by-case-number/index.html]
[patna.dcourts.gov.in/index3cf8.html]
[patna.dcourts.gov.in/index6f2e.html]
[patna.dcourts.gov.in/wp-content/plugins/ecourt/services/order-date/api8a54.js]
[patna.dcourts.gov.in/court-orders-search-by-order-date/index.html]
[patna.dcourts.gov.in/index935b.html]
[patna.dcourts.gov.in/index94b5.html]
[patna.dcourts.gov.in/wp-content/plugins/ecourt/services/court-number/api8a54.js]
[patna.dcourts.gov.in/court-orders-search-by-court-number/index.html]
[patna.dcourts.gov.in/indexdeee.html]
[patna.dcourts.gov.in/index353f.html]
[patna.dcourts.gov.in/wp-content/plugins/ecourt/services/party-name-order/api8a54.js]
[patna.dcourts.gov.in/court-orders-search-by-party-name/index.html]
[patna.dcourts.gov.in/cause-list-⁄-daily-board/index.html]
[patna.dcourts.gov.in/indexe197.html]
[patna.dcourts.gov.in/indexfbc1.html]
[patna.dcourts.gov.in/wp-content/plugins/ecourt/services/caveat/api8a54.js]
[patna.dcourts.gov.in/caveat-search/index.html]
[patna.dcourts.gov.in/index315f.html]
[patna.dcourts.gov.in/index8b34.html]
[patna.dcourts.gov.in/documents/index.html]
[patna.dcourts.gov.in/document-category/ecourts-phase-ii-reports/index.html]
[patna.dcourts.gov.in/document-category/duty-magistrate/index.html]
[patna.dcourts.gov.in/document-category/police-station-wise-magistrate/index.html]
[patna.dcourts.gov.in/documents/page/2/index.html]
[patna.dcourts.gov.in/document-category/circular-judgements/index.html]
[patna.dcourts.gov.in/forms/index.html]
[patna.dcourts.gov.in/document-category/circular-notices/index.html]
[patna.dcourts.gov.in/document-category/circular-notices/page/2/index.html]
[patna.dcourts.gov.in/document-category/management-tools/index.html]
[patna.dcourts.gov.in/document-category/notification/index.html]
[patna.dcourts.gov.in/document-category/notification/page/2/index.html]
[patna.dcourts.gov.in/document-category/performance-measurement-report/index.html]
[patna.dcourts.gov.in/document-category/pleaders-and-bar-association/index.html]
[patna.dcourts.gov.in/document-category/rules-and-regulations/index.html]
[patna.dcourts.gov.in/document-category/statistical-reports/index.html]
[patna.dcourts.gov.in/notice-category/tenders/index.html]
[patna.dcourts.gov.in/past-notices/tenders/index.html]
[patna.dcourts.gov.in/notice-category/recruitments/index.html]
[patna.dcourts.gov.in/past-notices/recruitments/index.html]
[patna.dcourts.gov.in/duty-magistrate/index.html]
[patna.dcourts.gov.in/police-station-wise-magistrate/index.html]
[cdnbbsr.s3waas.gov.in/s3ec05a18630ab1c3b9f14454cf70dc711/uploads/bfi_thumb/2023121928-qh1bx4ir1s84ljv4nue74xuif0xh8j9gv7pn8borly.jpg]
[patna.dcourts.gov.in/photo-gallery/index.html]
[patna.dcourts.gov.in/gallery/e-sewa-kendra/index.html]
[img.youtube.com/vi/4P3mTWeJiP8/mqdefault.jpg]
[patna.dcourts.gov.in/video-gallery/index.html]
[patna.dcourts.gov.in/video/introduction-to-e-filing-3-0/index.html]
[patna.dcourts.gov.in/category/news/index.html]
[patna.dcourts.gov.in/category/news/indexb995.html]
[patna.dcourts.gov.in/category/press-release/index.html]
[patna.dcourts.gov.in/category/news/indexfbde.html]
[patna.dcourts.gov.in/category/news/indexe2ca.html]
[patna.dcourts.gov.in/category/news/indexd2ce.html]
[patna.dcourts.gov.in/notice-dated-26-04-2024-with-list-of-candidates/index.html]
[patna.dcourts.gov.in/new-website-on-s3waas-platform-will-be-launched-soon/index.html]
[patna.dcourts.gov.in/wp-content/themes/sdo-theme/images/default/publication.jpg]
[patna.dcourts.gov.in/publication-type/brochures/index.html]
[patna.dcourts.gov.in/bihar-civil-court-admit-card-2023-released-at-dcprequirement-in/index.html]
[patna.dcourts.gov.in/publication/nstep-user-manual/index.html]
[patna.dcourts.gov.in/publication/nstep-brouchers/index.html]
[patna.dcourts.gov.in/publication-type/newsletters/index.html]
[patna.dcourts.gov.in/publication/newsletter-september-2023/index.html]
[patna.dcourts.gov.in/document/order-no-131-2024-dated-31-07-2024-regarding-vishaka-committee-of-patna-judgeship/index.html]
[patna.dcourts.gov.in/document/notice-regarding-stenographer-appointment-letter/index.html]
[patna.dcourts.gov.in/notice/notice-dated-02-04-2025-in-connection-with-objections-raised-by-candidates-in-respect-of-model-answers-emp-notice-no-01-2022/index.html]
[patna.dcourts.gov.in/notice/notice-dated-10-04-2025-regarding-result-of-the-pt-exam-for-clerk-pursuant-to-emp-notice-no-01-of-2022/index.html]
[patna.dcourts.gov.in/notice/notice-dated-19-04-2025-regarding-written-test-for-clerk-pursuant-to-emp-notice-no-01-of-2022/index.html]
[patna.dcourts.gov.in/notice/notice-dated-26-04-2025-selection-of-aditya-prakash-for-appointment-to-the-post-of-clerk-in-view-of-l/index.html]
[patna.dcourts.gov.in/notice/notice-dated-26-04-2025-waiting-list-in-order-of-merit-for-the-post-of-c-r-cum-d-w-emp-notice-no-03-2022/index.html]
[patna.dcourts.gov.in/notice/notice-dated-09-07-2025-regarding-one-additiona/index.html]
[patna.dcourts.gov.in/notice/notice-dated-12-07-2025-for-submission-of-declaration-form-regarding-belonging-or-not-in-tanti-tatwa-community-udcgrade-iii-emp-notice-no-01-2022/index.html]
[patna.dcourts.gov.in/document/issuance-of-appointment-letter-for-the-post-of-stenographer-employment-notice-no-02-2022/index.html]
[patna.dcourts.gov.in/Judges/rupesh-deo/index.html]
[patna.dcourts.gov.in/virtual-hybrid-hearing/index.html]
[patna.dcourts.gov.in/document/policy-action-plan-document-phase-ii/index.html]
[patna.dcourts.gov.in/document/nstep-user-manual/index.html]
[patna.dcourts.gov.in/feedback/index.html]
[patna.dcourts.gov.in/index1c7c.html]
[patna.dcourts.gov.in/indexf816.html]
[patna.dcourts.gov.in/website-policies/index.html]
[patna.dcourts.gov.in/help/index.html]
[patna.dcourts.gov.in/disclaimer/index.html]
[patna.dcourts.gov.in/wp-content/plugins/js_composer/assets/lib/bower/flexslider/fonts/flexslider-icon.eot]
[patna.dcourts.gov.in/wp-content/plugins/js_composer/assets/lib/bower/flexslider/fonts/flexslider-icond41d.eot]
[patna.dcourts.gov.in/wp-content/plugins/js_composer/assets/lib/bower/flexslider/fonts/flexslider-icon.woff]
[patna.dcourts.gov.in/wp-content/plugins/js_composer/assets/lib/bower/flexslider/fonts/flexslider-icon.ttf]
[patna.dcourts.gov.in/wp-content/plugins/js_composer/assets/lib/bower/flexslider/flexslider.mine6df.css]
[patna.dcourts.gov.in/wp-content/plugins/awas-shortcode/assets/css/custom-flexslider0899.css]
[patna.dcourts.gov.in/wp-content/plugins/awas-shortcode/assets/css/news-ticker0899.css]
[patna.dcourts.gov.in/wp-content/plugins/awas-shortcode/assets/css/profile-hm0899.css]
[patna.dcourts.gov.in/wp-content/plugins/js_composer/assets/css/js_composer_tta.mine6df.css]
[patna.dcourts.gov.in/wp-content/plugins/awas-shortcode/assets/css/list-style.min0899.css]
[patna.dcourts.gov.in/wp-content/plugins/awas-shortcode/assets/css/component-helper0899.css]
[patna.dcourts.gov.in/wp-content/plugins/awas-shortcode/assets/css/photo-gallery-home0899.css]
[patna.dcourts.gov.in/wp-content/plugins/awas-shortcode/assets/css/footer-logo-carousel0899.css]
[patna.dcourts.gov.in/wp-content/plugins/ecourt/css/datepicker.css]
[patna.dcourts.gov.in/wp-content/themes/sdo-theme/fonts/icomooncb5a.svg]
[patna.dcourts.gov.in/wp-content/themes/sdo-theme/css/fonts/flexslider-icon.html]
[patna.dcourts.gov.in/wp-content/themes/sdo-theme/css/fonts/flexslider-icon-2.html]
[patna.dcourts.gov.in/wp-content/themes/sdo-theme/css/addons/blank.html]
[patna.dcourts.gov.in/wp-content/plugins/awaas-metaboxes/css/images/ui-icons_555555_256x240.html]
[patna.dcourts.gov.in/wp-content/plugins/awaas-metaboxes/css/images/ui-icons_ffffff_256x240.html]
[patna.dcourts.gov.in/wp-content/plugins/awaas-metaboxes/css/images/ui-icons_777620_256x240.html]
[patna.dcourts.gov.in/wp-content/plugins/awaas-metaboxes/css/images/ui-icons_cc0000_256x240.html]
[patna.dcourts.gov.in/wp-content/plugins/js_composer/assets/fonts/vc_icons_v2/fonts/vcpb-plugin-iconsb82a.svg]
[patna.dcourts.gov.in/wp-content/plugins/js_composer/assets/vc/blur.svg]
[patna.dcourts.gov.in/wp-content/plugins/js_composer/assets/fonts/vc_grid/vc_grid_v157a1.svg]
[patna.dcourts.gov.in/wp-content/plugins/awaas-accessibility/fonts/fontawesome-webfont3e6e.svg]
[patna.dcourts.gov.in/wp-json/wp/v2/pages/711.json]
[patna.dcourts.gov.in/indexa308.html]
[patna.dcourts.gov.in/wp-json/oembed/1.0/embed4e5e.json]
[patna.dcourts.gov.in/wp-json/oembed/1.0/embed40ef]
[patna.dcourts.gov.in/wp-content/themes/sdo-theme/images/print_icon.svg]
[patna.dcourts.gov.in/wp-content/themes/sdo-theme/images/share_icon.svg]
[patna.dcourts.gov.in/wp-content/themes/sdo-theme/images/facebook_social_icon.svg]
[patna.dcourts.gov.in/wp-content/themes/sdo-theme/images/twitter_social_icon.svg]
[patna.dcourts.gov.in/wp-content/themes/sdo-theme/images/linkedin_social_icon.svg]
[patna.dcourts.gov.in/wp-json/wp/v2/about-department/5859.json]
[patna.dcourts.gov.in/indexcea8.html]
[patna.dcourts.gov.in/wp-json/oembed/1.0/embed0fd4.json]
[patna.dcourts.gov.in/wp-json/oembed/1.0/embed6259]
[patna.dcourts.gov.in/wp-json/wp/v2/pages/5010.json]
[patna.dcourts.gov.in/indexd9bb.html]
[patna.dcourts.gov.in/wp-json/oembed/1.0/embedef59.json]
[patna.dcourts.gov.in/wp-json/oembed/1.0/embed1a16]
[cdnbbsr.s3waas.gov.in/s3ec05a18630ab1c3b9f14454cf70dc711/uploads/2025/04/2025042161.jpg]
[patna.dcourts.gov.in/Judges/rupesh-deo-2/index.html]
[cdnbbsr.s3waas.gov.in/s3ec05a18630ab1c3b9f14454cf70dc711/uploads/2025/04/2025042125.jpg]
[patna.dcourts.gov.in/Judges/sunil-dutta-pandey/index.html]
[cdnbbsr.s3waas.gov.in/s3ec05a18630ab1c3b9f14454cf70dc711/uploads/2025/04/2025042150-1.jpg]
[patna.dcourts.gov.in/Judges/sangam-singh-2/index.html]
[cdnbbsr.s3waas.gov.in/s3ec05a18630ab1c3b9f14454cf70dc711/uploads/2025/04/2025042117.jpg]
[patna.dcourts.gov.in/Judges/neeraj-kumar-ii/index.html]
[cdnbbsr.s3waas.gov.in/s3ec05a18630ab1c3b9f14454cf70dc711/uploads/2025/04/2025042121.jpg]
[patna.dcourts.gov.in/Judges/akshay-kumar-singh/index.html]
[cdnbbsr.s3waas.gov.in/s3ec05a18630ab1c3b9f14454cf70dc711/uploads/2025/04/2025042155.jpg]
[patna.dcourts.gov.in/Judges/rakesh-kumar-i/index.html]
[cdnbbsr.s3waas.gov.in/s3ec05a18630ab1c3b9f14454cf70dc711/uploads/2025/04/2025042167.jpg]
[patna.dcourts.gov.in/Judges/dhananjay-kumar-mishra/index.html]
[cdnbbsr.s3waas.gov.in/s3ec05a18630ab1c3b9f14454cf70dc711/uploads/2025/04/2025042154.jpg]
[patna.dcourts.gov.in/Judges/md-rustam/index.html]
[cdnbbsr.s3waas.gov.in/s3ec05a18630ab1c3b9f14454cf70dc711/uploads/2025/04/2025042150.jpg]
[patna.dcourts.gov.in/Judges/abhijit-kumar/index.html]
[cdnbbsr.s3waas.gov.in/s3ec05a18630ab1c3b9f14454cf70dc711/uploads/2025/04/2025042116.jpg]
[patna.dcourts.gov.in/Judges/sunil-kumar-ii/index.html]
[cdnbbsr.s3waas.gov.in/s3ec05a18630ab1c3b9f14454cf70dc711/uploads/2025/04/2025042118.jpg]
[patna.dcourts.gov.in/Judges/avinash-sharma/index.html]
[cdnbbsr.s3waas.gov.in/s3ec05a18630ab1c3b9f14454cf70dc711/uploads/2025/04/2025042190.jpg]
[patna.dcourts.gov.in/Judges/brajesh-kumar-pathak/index.html]
[cdnbbsr.s3waas.gov.in/s3ec05a18630ab1c3b9f14454cf70dc711/uploads/2025/04/2025042191.jpg]
[patna.dcourts.gov.in/Judges/atul-kumar-singh/index.html]
[cdnbbsr.s3waas.gov.in/s3ec05a18630ab1c3b9f14454cf70dc711/uploads/2025/04/2025041936.jpg]
[patna.dcourts.gov.in/Judges/umesh-kumar-pandey/index.html]
[cdnbbsr.s3waas.gov.in/s3ec05a18630ab1c3b9f14454cf70dc711/uploads/2025/04/2025041923.jpg]
[patna.dcourts.gov.in/Judges/dadhich-narayan-bhardwaj/index.html]
[cdnbbsr.s3waas.gov.in/s3ec05a18630ab1c3b9f14454cf70dc711/uploads/2025/04/2025041942.jpg]
[patna.dcourts.gov.in/Judges/bipin-kumar/index.html]
[cdnbbsr.s3waas.gov.in/s3ec05a18630ab1c3b9f14454cf70dc711/uploads/2025/04/20250419100.jpg]
[patna.dcourts.gov.in/Judges/rajeev-nayan/index.html]
[cdnbbsr.s3waas.gov.in/s3ec05a18630ab1c3b9f14454cf70dc711/uploads/2025/04/2025041964-2.jpg]
[patna.dcourts.gov.in/Judges/sulekha-jha/index.html]
[cdnbbsr.s3waas.gov.in/s3ec05a18630ab1c3b9f14454cf70dc711/uploads/2025/04/2025041998.jpg]
[patna.dcourts.gov.in/Judges/anand-kumar-srivastava/index.html]
[cdnbbsr.s3waas.gov.in/s3ec05a18630ab1c3b9f14454cf70dc711/uploads/2025/04/2025041914.jpg]
[patna.dcourts.gov.in/Judges/prashant-kumar/index.html]
[cdnbbsr.s3waas.gov.in/s3ec05a18630ab1c3b9f14454cf70dc711/uploads/2025/04/2025041364.jpg]
[patna.dcourts.gov.in/Judges/raj-kumar-choudhary/index.html]
[cdnbbsr.s3waas.gov.in/s3ec05a18630ab1c3b9f14454cf70dc711/uploads/2025/04/2025041397.jpg]
[patna.dcourts.gov.in/Judges/manish-kumar/index.html]
[cdnbbsr.s3waas.gov.in/s3ec05a18630ab1c3b9f14454cf70dc711/uploads/2025/04/2025041325.jpg]
[patna.dcourts.gov.in/Judges/vivek-bharadwaj/index.html]
[cdnbbsr.s3waas.gov.in/s3ec05a18630ab1c3b9f14454cf70dc711/uploads/2025/04/2025041323.jpg]
[patna.dcourts.gov.in/Judges/amit-kumar-dixit/index.html]
[patna.dcourts.gov.in/Judges/samrendra-gandhi/index.html]
[cdnbbsr.s3waas.gov.in/s3ec05a18630ab1c3b9f14454cf70dc711/uploads/2025/04/2025041380.jpg]
[patna.dcourts.gov.in/Judges/shailendra-kumar-singh/index.html]
[cdnbbsr.s3waas.gov.in/s3ec05a18630ab1c3b9f14454cf70dc711/uploads/2025/04/2025041358-1.jpg]
[cdnbbsr.s3waas.gov.in/s3ec05a18630ab1c3b9f14454cf70dc711/uploads/2025/04/2025041389.jpg]
[patna.dcourts.gov.in/Judges/ram-manohar-choudhary/index.html]
[cdnbbsr.s3waas.gov.in/s3ec05a18630ab1c3b9f14454cf70dc711/uploads/2025/04/2025041388.jpg]
[patna.dcourts.gov.in/Judges/apurva-nayak/index.html]
[cdnbbsr.s3waas.gov.in/s3ec05a18630ab1c3b9f14454cf70dc711/uploads/2025/04/2025041359.jpg]
[patna.dcourts.gov.in/Judges/dheerajendra-patanjali/index.html]
[cdnbbsr.s3waas.gov.in/s3ec05a18630ab1c3b9f14454cf70dc711/uploads/2025/04/2025041318.jpg]
[patna.dcourts.gov.in/Judges/sonal-biswas/index.html]
[cdnbbsr.s3waas.gov.in/s3ec05a18630ab1c3b9f14454cf70dc711/uploads/2025/04/2025041356.jpg]
[patna.dcourts.gov.in/Judges/sudha-rani/index.html]
[cdnbbsr.s3waas.gov.in/s3ec05a18630ab1c3b9f14454cf70dc711/uploads/2025/04/2025041342.jpg]
[patna.dcourts.gov.in/Judges/khushboo-anand/index.html]
[cdnbbsr.s3waas.gov.in/s3ec05a18630ab1c3b9f14454cf70dc711/uploads/2025/04/2025041339.jpg]
[patna.dcourts.gov.in/Judges/sayed-aamir-ali/index.html]
[cdnbbsr.s3waas.gov.in/s3ec05a18630ab1c3b9f14454cf70dc711/uploads/2025/04/2025041333.jpg]
[patna.dcourts.gov.in/Judges/jay-prakash-mahto/index.html]
[cdnbbsr.s3waas.gov.in/s3ec05a18630ab1c3b9f14454cf70dc711/uploads/2025/04/2025041348.jpg]
[patna.dcourts.gov.in/Judges/amit-kumar-aryan/index.html]
[cdnbbsr.s3waas.gov.in/s3ec05a18630ab1c3b9f14454cf70dc711/uploads/2025/04/2025040250.jpg]
[patna.dcourts.gov.in/Judges/bhupendra-singh-2/index.html]
[cdnbbsr.s3waas.gov.in/s3ec05a18630ab1c3b9f14454cf70dc711/uploads/2025/04/2025040596.jpg]
[patna.dcourts.gov.in/Judges/kumar-gunjan/index.html]
[cdnbbsr.s3waas.gov.in/s3ec05a18630ab1c3b9f14454cf70dc711/uploads/2025/04/2025040223.jpg]
[patna.dcourts.gov.in/Judges/shree-prakash/index.html]
[cdnbbsr.s3waas.gov.in/s3ec05a18630ab1c3b9f14454cf70dc711/uploads/2025/04/2025040253.jpg]
[patna.dcourts.gov.in/Judges/manoj-kumar-srivastava/index.html]
[cdnbbsr.s3waas.gov.in/s3ec05a18630ab1c3b9f14454cf70dc711/uploads/2025/04/2025040237.jpg]
[patna.dcourts.gov.in/Judges/rajnish-ranjan/index.html]
[cdnbbsr.s3waas.gov.in/s3ec05a18630ab1c3b9f14454cf70dc711/uploads/2025/04/2025040292.jpg]
[patna.dcourts.gov.in/Judges/kshiprachala-anjalee/index.html]
[cdnbbsr.s3waas.gov.in/s3ec05a18630ab1c3b9f14454cf70dc711/uploads/2025/04/2025040285.jpg]
[patna.dcourts.gov.in/Judges/swarn-prabhat/index.html]
[cdnbbsr.s3waas.gov.in/s3ec05a18630ab1c3b9f14454cf70dc711/uploads/2025/03/2025032732.jpg]
[patna.dcourts.gov.in/Judges/naghma-tarannum/index.html]
[cdnbbsr.s3waas.gov.in/s3ec05a18630ab1c3b9f14454cf70dc711/uploads/2025/04/2025040238.jpg]
[patna.dcourts.gov.in/Judges/chandra-bhushan-ram/index.html]
[cdnbbsr.s3waas.gov.in/s3ec05a18630ab1c3b9f14454cf70dc711/uploads/2025/04/2025040263.jpg]
[patna.dcourts.gov.in/Judges/divya-amal/index.html]
[cdnbbsr.s3waas.gov.in/s3ec05a18630ab1c3b9f14454cf70dc711/uploads/2025/04/2025040247.jpg]
[patna.dcourts.gov.in/Judges/vikas-kumar-singh/index.html]
[cdnbbsr.s3waas.gov.in/s3ec05a18630ab1c3b9f14454cf70dc711/uploads/2025/04/2025040221.jpg]
[patna.dcourts.gov.in/Judges/satish-kumar/index.html]
[cdnbbsr.s3waas.gov.in/s3ec05a18630ab1c3b9f14454cf70dc711/uploads/2025/04/2025040220.jpg]
[patna.dcourts.gov.in/Judges/priyanka-kumari/index.html]
[cdnbbsr.s3waas.gov.in/s3ec05a18630ab1c3b9f14454cf70dc711/uploads/2025/04/2025040397.jpg]
[patna.dcourts.gov.in/Judges/sumit-kumar/index.html]
[cdnbbsr.s3waas.gov.in/s3ec05a18630ab1c3b9f14454cf70dc711/uploads/2025/04/2025040342.jpg]
[patna.dcourts.gov.in/Judges/kumar-shubham/index.html]
[cdnbbsr.s3waas.gov.in/s3ec05a18630ab1c3b9f14454cf70dc711/uploads/2025/04/2025040314.jpg]
[patna.dcourts.gov.in/Judges/md-arbaz-ansari/index.html]
[cdnbbsr.s3waas.gov.in/s3ec05a18630ab1c3b9f14454cf70dc711/uploads/2025/04/2025040316-1.jpg]
[patna.dcourts.gov.in/Judges/archana/index.html]
[patna.dcourts.gov.in/Judges/vinit-kumar-sah/index.html]
[cdnbbsr.s3waas.gov.in/s3ec05a18630ab1c3b9f14454cf70dc711/uploads/2025/04/2025040312.jpg]
[cdnbbsr.s3waas.gov.in/s3ec05a18630ab1c3b9f14454cf70dc711/uploads/2025/04/2025040359.jpg]
[patna.dcourts.gov.in/Judges/kumari-anamika-dagar/index.html]
[cdnbbsr.s3waas.gov.in/s3ec05a18630ab1c3b9f14454cf70dc711/uploads/2025/04/2025040336.jpg]
[patna.dcourts.gov.in/Judges/aishwarya-deep/index.html]
[cdnbbsr.s3waas.gov.in/s3ec05a18630ab1c3b9f14454cf70dc711/uploads/2025/04/2025041319.jpg]
[patna.dcourts.gov.in/Judges/sankash-chandra/index.html]
[cdnbbsr.s3waas.gov.in/s3ec05a18630ab1c3b9f14454cf70dc711/uploads/2025/04/2025041327.jpg]
[patna.dcourts.gov.in/Judges/sanjeev-kumar-i/index.html]
[cdnbbsr.s3waas.gov.in/s3ec05a18630ab1c3b9f14454cf70dc711/uploads/2025/04/2025041374.jpg]
[patna.dcourts.gov.in/Judges/rupa-rani/index.html]
[patna.dcourts.gov.in/Judges/shubham-tripathi/index.html]
[cdnbbsr.s3waas.gov.in/s3ec05a18630ab1c3b9f14454cf70dc711/uploads/2025/04/2025041363.jpg]
[patna.dcourts.gov.in/Judges/navin-kumar/index.html]
[cdnbbsr.s3waas.gov.in/s3ec05a18630ab1c3b9f14454cf70dc711/uploads/2025/04/2025041391.jpg]
[cdnbbsr.s3waas.gov.in/s3ec05a18630ab1c3b9f14454cf70dc711/uploads/2025/04/2025041367.jpg]
[patna.dcourts.gov.in/Judges/ashutosh-kumar/index.html]
[cdnbbsr.s3waas.gov.in/s3ec05a18630ab1c3b9f14454cf70dc711/uploads/2025/04/2025041352.jpg]
[patna.dcourts.gov.in/Judges/satya-prakash/index.html]
[cdnbbsr.s3waas.gov.in/s3ec05a18630ab1c3b9f14454cf70dc711/uploads/2025/04/2025041310.jpg]
[patna.dcourts.gov.in/Judges/naveen-kumar-gautam/index.html]
[cdnbbsr.s3waas.gov.in/s3ec05a18630ab1c3b9f14454cf70dc711/uploads/2025/04/2025041379.jpg]
[patna.dcourts.gov.in/Judges/kartikey-satyam-kishore/index.html]
[cdnbbsr.s3waas.gov.in/s3ec05a18630ab1c3b9f14454cf70dc711/uploads/2025/04/2025040246.jpg]
[patna.dcourts.gov.in/Judges/ravi-pandey/index.html]
[cdnbbsr.s3waas.gov.in/s3ec05a18630ab1c3b9f14454cf70dc711/uploads/2025/04/2025040236.jpg]
[patna.dcourts.gov.in/Judges/pawan-kumar-chaudhary/index.html]
[patna.dcourts.gov.in/wp-json/wp/v2/pages/5012.json]
[patna.dcourts.gov.in/indexe389.html]
[patna.dcourts.gov.in/wp-json/oembed/1.0/embedaa58.json]
[patna.dcourts.gov.in/wp-json/oembed/1.0/embeda790]
[patna.dcourts.gov.in/wp-content/plugins/awas-shortcode/assets/css/former-head0899.css]
[patna.dcourts.gov.in/wp-json/wp/v2/pages/5015.json]
[patna.dcourts.gov.in/indexbd08.html]
[patna.dcourts.gov.in/wp-json/oembed/1.0/embed5cad.json]
[patna.dcourts.gov.in/wp-json/oembed/1.0/embed6d48]
[patna.dcourts.gov.in/judges-on-leave/indexfcad.html]
[patna.dcourts.gov.in/wp-json/wp/v2/pages/5017.json]
[patna.dcourts.gov.in/index3179.html]
[patna.dcourts.gov.in/wp-json/oembed/1.0/embedd9be.json]
[patna.dcourts.gov.in/wp-json/oembed/1.0/embed634b]
[patna.dcourts.gov.in/wp-content/plugins/awas-shortcode/assets/css/holiday-calendar0899.css]
[patna.dcourts.gov.in/wp-json/wp/v2/pages/721.json]
[patna.dcourts.gov.in/index8bfb.html]
[patna.dcourts.gov.in/wp-json/oembed/1.0/embed799c.json]
[patna.dcourts.gov.in/wp-json/oembed/1.0/embed8e0c]
[patna.dcourts.gov.in/wp-json/wp/v2/pages/5021.json]
[patna.dcourts.gov.in/index4c33.html]
[patna.dcourts.gov.in/wp-json/oembed/1.0/embed2eaf.json]
[patna.dcourts.gov.in/wp-json/oembed/1.0/embedc05a]
[patna.dcourts.gov.in/wp-json/wp/v2/pages/5076.json]
[patna.dcourts.gov.in/indexf965.html]
[patna.dcourts.gov.in/wp-json/oembed/1.0/embedbfef.json]
[patna.dcourts.gov.in/wp-json/oembed/1.0/embedda1b]
[patna.dcourts.gov.in/wp-content/plugins/securimage-wp/securimage-wp0899.css]
[patna.dcourts.gov.in/wp-json/wp/v2/pages/5201.json]
[patna.dcourts.gov.in/indexca76.html]
[patna.dcourts.gov.in/wp-json/oembed/1.0/embeda684.json]
[patna.dcourts.gov.in/wp-json/oembed/1.0/embed3b19]
[patna.dcourts.gov.in/wp-json/wp/v2/pages/5190.json]
[patna.dcourts.gov.in/index1d33.html]
[patna.dcourts.gov.in/wp-json/oembed/1.0/embed9670.json]
[patna.dcourts.gov.in/wp-json/oembed/1.0/embed2211]
[patna.dcourts.gov.in/wp-json/wp/v2/pages/5197.json]
[patna.dcourts.gov.in/indexd6c2.html]
[patna.dcourts.gov.in/wp-json/oembed/1.0/embed36e2.json]
[patna.dcourts.gov.in/wp-json/oembed/1.0/embed9d9b]
[patna.dcourts.gov.in/wp-json/wp/v2/pages/5192.json]
[patna.dcourts.gov.in/indexbe69.html]
[patna.dcourts.gov.in/wp-json/oembed/1.0/embed3b93.json]
[patna.dcourts.gov.in/wp-json/oembed/1.0/embed61ca]
[patna.dcourts.gov.in/wp-json/wp/v2/pages/5195.json]
[patna.dcourts.gov.in/indexc4a5.html]
[patna.dcourts.gov.in/wp-json/oembed/1.0/embed442e.json]
[patna.dcourts.gov.in/wp-json/oembed/1.0/embedc1a1]
[patna.dcourts.gov.in/wp-json/wp/v2/pages/5199.json]
[patna.dcourts.gov.in/index53c3.html]
[patna.dcourts.gov.in/wp-json/oembed/1.0/embedb21c.json]
[patna.dcourts.gov.in/wp-json/oembed/1.0/embedd7b7]
[patna.dcourts.gov.in/wp-json/wp/v2/pages/5203.json]
[patna.dcourts.gov.in/indexde15.html]
[patna.dcourts.gov.in/wp-json/oembed/1.0/embed563a.json]
[patna.dcourts.gov.in/wp-json/oembed/1.0/embed9c91]
[patna.dcourts.gov.in/wp-json/wp/v2/pages/5209.json]
[patna.dcourts.gov.in/index024f.html]
[patna.dcourts.gov.in/wp-json/oembed/1.0/embedc30b.json]
[patna.dcourts.gov.in/wp-json/oembed/1.0/embedd7a3]
[patna.dcourts.gov.in/wp-json/wp/v2/pages/5205.json]
[patna.dcourts.gov.in/index59c4.html]
[patna.dcourts.gov.in/wp-json/oembed/1.0/embed8016.json]
[patna.dcourts.gov.in/wp-json/oembed/1.0/embed13be]
[patna.dcourts.gov.in/wp-json/wp/v2/pages/5207.json]
[patna.dcourts.gov.in/indexd257.html]
[patna.dcourts.gov.in/wp-json/oembed/1.0/embed5307.json]
[patna.dcourts.gov.in/wp-json/oembed/1.0/embed2304]
[patna.dcourts.gov.in/wp-json/wp/v2/pages/5289.json]
[patna.dcourts.gov.in/indexc56e.html]
[patna.dcourts.gov.in/wp-json/oembed/1.0/embed7065.json]
[patna.dcourts.gov.in/wp-json/oembed/1.0/embed5160]
[patna.dcourts.gov.in/wp-json/wp/v2/pages/172.json]
[patna.dcourts.gov.in/indexf4d1.html]
[patna.dcourts.gov.in/wp-json/oembed/1.0/embedc85c.json]
[patna.dcourts.gov.in/wp-json/oembed/1.0/embed4e1c]
[patna.dcourts.gov.in/document-category/ecourts-phase-ii-reports/index.html]
[patna.dcourts.gov.in/document-category/duty-magistrate/index.html]
[patna.dcourts.gov.in/document-category/police-station-wise-magistrate/index.html]
[patna.dcourts.gov.in/document-category/circular-judgements/index.html]
[patna.dcourts.gov.in/documents/page/2/index.html]
[patna.dcourts.gov.in/wp-json/wp/v2/pages/6176.json]
[patna.dcourts.gov.in/index3333.html]
[patna.dcourts.gov.in/wp-json/oembed/1.0/embed9724.json]
[patna.dcourts.gov.in/wp-json/oembed/1.0/embedc8a5]
[patna.dcourts.gov.in/wp-json/wp/v2/document-category/1104.json]
[patna.dcourts.gov.in/document-category/circular-notices/page/2/index.html]
[patna.dcourts.gov.in/wp-json/wp/v2/document-category/1108.json]
[patna.dcourts.gov.in/documents/page/3/index.html]
[patna.dcourts.gov.in/wp-json/wp/v2/document-category/1102.json]
[patna.dcourts.gov.in/document-category/notification/page/2/index.html]
[patna.dcourts.gov.in/document-category/circular-notices/page/3/index.html]
[patna.dcourts.gov.in/wp-json/wp/v2/document-category/1112.json]
[patna.dcourts.gov.in/wp-json/wp/v2/document-category/1114.json]
[patna.dcourts.gov.in/wp-json/wp/v2/document-category/1110.json]
[patna.dcourts.gov.in/document-category/notification/page/3/index.html]
[patna.dcourts.gov.in/wp-json/wp/v2/document-category/1106.json]
[patna.dcourts.gov.in/wp-json/wp/v2/notice-category/135.json]
[patna.dcourts.gov.in/past-notices/tenders/index.html]
[patna.dcourts.gov.in/wp-json/wp/v2/notice-category/134.json]
[patna.dcourts.gov.in/past-notices/recruitments/index.html]
[patna.dcourts.gov.in/wp-json/wp/v2/pages/6413.json]
[patna.dcourts.gov.in/index11d3.html]
[patna.dcourts.gov.in/wp-json/oembed/1.0/embedfba8.json]
[patna.dcourts.gov.in/wp-json/oembed/1.0/embed72f3]
[patna.dcourts.gov.in/wp-json/wp/v2/pages/6432.json]
[patna.dcourts.gov.in/index75fe.html]
[patna.dcourts.gov.in/wp-json/oembed/1.0/embed640a.json]
[patna.dcourts.gov.in/wp-json/oembed/1.0/embedf7f9]
[patna.dcourts.gov.in/wp-json/wp/v2/pages/199.json]
[patna.dcourts.gov.in/index5051.html]
[patna.dcourts.gov.in/wp-json/oembed/1.0/embeddec0.json]
[patna.dcourts.gov.in/wp-json/oembed/1.0/embed56ce]
[patna.dcourts.gov.in/past-notices/tenders/page/2/index.html]
[patna.dcourts.gov.in/past-notices/recruitments/page/2/index.html]
[cdnbbsr.s3waas.gov.in/s3ec05a18630ab1c3b9f14454cf70dc711/uploads/bfi_thumb/2023121991-qh1bzltemth5cof41ev5k4tpn6ms1513hqbgogc2xs.jpg]
[cdnbbsr.s3waas.gov.in/s3ec05a18630ab1c3b9f14454cf70dc711/uploads/2023/12/2023121991.jpg]
[cdnbbsr.s3waas.gov.in/s3ec05a18630ab1c3b9f14454cf70dc711/uploads/bfi_thumb/2023121928-qh1bx4iqlk2wpq0tiu9lh9cx7kuwpw6lhgcc360hcw.jpg]
[cdnbbsr.s3waas.gov.in/s3ec05a18630ab1c3b9f14454cf70dc711/uploads/2023/12/2023121928.jpg]
[patna.dcourts.gov.in/gallery/e-sewa-kendra/index.html]
[patna.dcourts.gov.in/wp-json/wp/v2/pages/5470.json]
[patna.dcourts.gov.in/index10bc.html]
[patna.dcourts.gov.in/wp-json/oembed/1.0/embed715f.json]
[patna.dcourts.gov.in/wp-json/oembed/1.0/embed6351]
[patna.dcourts.gov.in/video/introduction-to-e-filing-3-0/index.html]
[patna.dcourts.gov.in/wp-json/wp/v2/category/64.json]
[patna.dcourts.gov.in/category/news/indexb995.html]
[patna.dcourts.gov.in/category/news/indexfbde.html]
[patna.dcourts.gov.in/category/news/indexe2ca.html]
[patna.dcourts.gov.in/category/news/indexd2ce.html]
[patna.dcourts.gov.in/category/news/index009f.html]
[patna.dcourts.gov.in/category/news/index71af.html]
[patna.dcourts.gov.in/notice-dated-26-04-2024-with-list-of-candidates/index.html]
[patna.dcourts.gov.in/new-website-on-s3waas-platform-will-be-launched-soon/index.html]
[patna.dcourts.gov.in/wp-json/wp/v2/category/66.json]
[patna.dcourts.gov.in/bihar-civil-court-admit-card-2023-released-at-dcprequirement-in/index.html]
[patna.dcourts.gov.in/wp-json/wp/v2/publication-type/77.json]
[patna.dcourts.gov.in/publication/nstep-user-manual/index.html]
[patna.dcourts.gov.in/publication/nstep-brouchers/index.html]
[patna.dcourts.gov.in/wp-json/wp/v2/publication-type/72.json]
[patna.dcourts.gov.in/publication/newsletter-september-2023/index.html]
[patna.dcourts.gov.in/wp-json/wp/v2/document/7080.json]
[patna.dcourts.gov.in/indexf551.html]
[patna.dcourts.gov.in/wp-json/oembed/1.0/embed694a.json]
[patna.dcourts.gov.in/wp-json/oembed/1.0/embed479d]
[patna.dcourts.gov.in/wp-json/wp/v2/document/7573.json]
[patna.dcourts.gov.in/index606e.html]
[patna.dcourts.gov.in/wp-json/oembed/1.0/embed7b47.json]
[patna.dcourts.gov.in/wp-json/oembed/1.0/embedddb4]
[patna.dcourts.gov.in/wp-json/wp/v2/notice/7674.json]
[patna.dcourts.gov.in/index4724.html]
[patna.dcourts.gov.in/wp-json/oembed/1.0/embed47c5.json]
[patna.dcourts.gov.in/wp-json/oembed/1.0/embede3cc]
[patna.dcourts.gov.in/wp-json/wp/v2/notice/7763.json]
[patna.dcourts.gov.in/indexe7e9.html]
[patna.dcourts.gov.in/wp-json/oembed/1.0/embedfbe0.json]
[patna.dcourts.gov.in/wp-json/oembed/1.0/embedf166]
[patna.dcourts.gov.in/wp-json/wp/v2/notice/8017.json]
[patna.dcourts.gov.in/index1c44.html]
[patna.dcourts.gov.in/wp-json/oembed/1.0/embed84af.json]
[patna.dcourts.gov.in/wp-json/oembed/1.0/embed8d08]
[patna.dcourts.gov.in/wp-json/wp/v2/notice/8059.json]
[patna.dcourts.gov.in/indexd6f0.html]
[patna.dcourts.gov.in/wp-json/oembed/1.0/embede10f.json]
[patna.dcourts.gov.in/wp-json/oembed/1.0/embed7f9f]
[patna.dcourts.gov.in/wp-json/wp/v2/notice/8063.json]
[patna.dcourts.gov.in/indexb0d5.html]
[patna.dcourts.gov.in/wp-json/oembed/1.0/embeddb52.json]
[patna.dcourts.gov.in/wp-json/oembed/1.0/embed458e]
[patna.dcourts.gov.in/wp-json/wp/v2/notice/8156.json]
[patna.dcourts.gov.in/indexa9ac.html]
[patna.dcourts.gov.in/wp-json/oembed/1.0/embed7fed.json]
[patna.dcourts.gov.in/wp-json/oembed/1.0/embed503f]
[patna.dcourts.gov.in/wp-json/wp/v2/notice/8173.json]
[patna.dcourts.gov.in/index028b.html]
[patna.dcourts.gov.in/wp-json/oembed/1.0/embedf42f.json]
[patna.dcourts.gov.in/wp-json/oembed/1.0/embed1dc6]
[patna.dcourts.gov.in/wp-json/wp/v2/document/7563.json]
[patna.dcourts.gov.in/index5dde.html]
[patna.dcourts.gov.in/wp-json/oembed/1.0/embed671c.json]
[patna.dcourts.gov.in/wp-json/oembed/1.0/embed7147]
[patna.dcourts.gov.in/wp-json/wp/v2/judge/5948.json]
[patna.dcourts.gov.in/indexdae5.html]
[patna.dcourts.gov.in/wp-json/oembed/1.0/embed539b.json]
[patna.dcourts.gov.in/wp-json/oembed/1.0/embedde95]
[patna.dcourts.gov.in/wp-json/wp/v2/posts/7582.json]
[patna.dcourts.gov.in/index96c6.html]
[patna.dcourts.gov.in/wp-json/oembed/1.0/embed7c97.json]
[patna.dcourts.gov.in/wp-json/oembed/1.0/embed7c37]
[patna.dcourts.gov.in/wp-json/wp/v2/document/6655.json]
[patna.dcourts.gov.in/index20d5.html]
[patna.dcourts.gov.in/wp-json/oembed/1.0/embed0412.json]
[patna.dcourts.gov.in/wp-json/oembed/1.0/embedfb20]
[patna.dcourts.gov.in/wp-json/wp/v2/pages/717.json]
[patna.dcourts.gov.in/index6683.html]
[patna.dcourts.gov.in/wp-json/oembed/1.0/embedd23e.json]
[patna.dcourts.gov.in/wp-json/oembed/1.0/embed191b]
[patna.dcourts.gov.in/wp-json/wp/v2/pages/719.json]
[patna.dcourts.gov.in/indexd13e.html]
[patna.dcourts.gov.in/wp-json/oembed/1.0/embed968c.json]
[patna.dcourts.gov.in/wp-json/oembed/1.0/embed4325]
[patna.dcourts.gov.in/wp-json/wp/v2/pages/724.json]
[patna.dcourts.gov.in/index52c0.html]
[patna.dcourts.gov.in/wp-json/oembed/1.0/embedbaab.json]
[patna.dcourts.gov.in/wp-json/oembed/1.0/embed2abc]
[patna.dcourts.gov.in/wp-json/wp/v2/pages/5029.json]
[patna.dcourts.gov.in/index2213.html]
[patna.dcourts.gov.in/wp-json/oembed/1.0/embede91c.json]
[patna.dcourts.gov.in/wp-json/oembed/1.0/embed0907]
[patna.dcourts.gov.in/wp-content/plugins/js_composer/assets/lib/bower/flexslider/fonts/flexslider-icon.svg]
[patna.dcourts.gov.in/wp-json/wp/v2/judge/8049.json]
[patna.dcourts.gov.in/indexfc8b.html]
[patna.dcourts.gov.in/wp-json/oembed/1.0/embed3be3.json]
[patna.dcourts.gov.in/wp-json/oembed/1.0/embed85e6]
[patna.dcourts.gov.in/wp-json/wp/v2/judge/8047.json]
[patna.dcourts.gov.in/indexbee8.html]
[patna.dcourts.gov.in/wp-json/oembed/1.0/embed0f30.json]
[patna.dcourts.gov.in/wp-json/oembed/1.0/embed8796]
[patna.dcourts.gov.in/wp-json/wp/v2/judge/8044.json]
[patna.dcourts.gov.in/index4085.html]
[patna.dcourts.gov.in/wp-json/oembed/1.0/embed1a93.json]
[patna.dcourts.gov.in/wp-json/oembed/1.0/embed6535]
[patna.dcourts.gov.in/wp-json/wp/v2/judge/8042.json]
[patna.dcourts.gov.in/indexf742.html]
[patna.dcourts.gov.in/wp-json/oembed/1.0/embed0785.json]
[patna.dcourts.gov.in/wp-json/oembed/1.0/embed089b]
[patna.dcourts.gov.in/wp-json/wp/v2/judge/8040.json]
[patna.dcourts.gov.in/index48f3.html]
[patna.dcourts.gov.in/wp-json/oembed/1.0/embedca1e.json]
[patna.dcourts.gov.in/wp-json/oembed/1.0/embed6a18]
[patna.dcourts.gov.in/wp-json/wp/v2/judge/8038.json]
[patna.dcourts.gov.in/index9a5e.html]
[patna.dcourts.gov.in/wp-json/oembed/1.0/embed6e88.json]
[patna.dcourts.gov.in/wp-json/oembed/1.0/embedcbc7]
[patna.dcourts.gov.in/wp-json/wp/v2/judge/8036.json]
[patna.dcourts.gov.in/index98f6.html]
[patna.dcourts.gov.in/wp-json/oembed/1.0/embed8c19.json]
[patna.dcourts.gov.in/wp-json/oembed/1.0/embedad85]
[patna.dcourts.gov.in/wp-json/wp/v2/judge/8034.json]
[patna.dcourts.gov.in/indexa2e6.html]
[patna.dcourts.gov.in/wp-json/oembed/1.0/embedbea9.json]
[patna.dcourts.gov.in/wp-json/oembed/1.0/embedbef2]
[patna.dcourts.gov.in/wp-json/wp/v2/judge/8032.json]
[patna.dcourts.gov.in/indexa287.html]
[patna.dcourts.gov.in/wp-json/oembed/1.0/embedefa0.json]
[patna.dcourts.gov.in/wp-json/oembed/1.0/embedbd15]
[patna.dcourts.gov.in/wp-json/wp/v2/judge/8030.json]
[patna.dcourts.gov.in/index328f.html]
[patna.dcourts.gov.in/wp-json/oembed/1.0/embed3954.json]
[patna.dcourts.gov.in/wp-json/oembed/1.0/embedc66c]
[patna.dcourts.gov.in/wp-json/wp/v2/judge/8028.json]
[patna.dcourts.gov.in/indexc6f7.html]
[patna.dcourts.gov.in/wp-json/oembed/1.0/embed76c3.json]
[patna.dcourts.gov.in/wp-json/oembed/1.0/embed53a7]
[patna.dcourts.gov.in/wp-json/wp/v2/judge/8026.json]
[patna.dcourts.gov.in/index3d1a.html]
[patna.dcourts.gov.in/wp-json/oembed/1.0/embed5dcf.json]
[patna.dcourts.gov.in/wp-json/oembed/1.0/embed54f1]
[patna.dcourts.gov.in/wp-json/wp/v2/judge/8024.json]
[patna.dcourts.gov.in/index6334.html]
[patna.dcourts.gov.in/wp-json/oembed/1.0/embedfafd.json]
[patna.dcourts.gov.in/wp-json/oembed/1.0/embed73b4]
[patna.dcourts.gov.in/wp-json/wp/v2/judge/8013.json]
[patna.dcourts.gov.in/index01fb.html]
[patna.dcourts.gov.in/wp-json/oembed/1.0/embedce35.json]
[patna.dcourts.gov.in/wp-json/oembed/1.0/embed76f4]
[patna.dcourts.gov.in/wp-json/wp/v2/judge/8010.json]
[patna.dcourts.gov.in/index6715.html]
[patna.dcourts.gov.in/wp-json/oembed/1.0/embed17b7.json]
[patna.dcourts.gov.in/wp-json/oembed/1.0/embed9926]
[patna.dcourts.gov.in/wp-json/wp/v2/judge/8008.json]
[patna.dcourts.gov.in/index9164.html]
[patna.dcourts.gov.in/wp-json/oembed/1.0/embed0834.json]
[patna.dcourts.gov.in/wp-json/oembed/1.0/embed4e7a]
[patna.dcourts.gov.in/wp-json/wp/v2/judge/8006.json]
[patna.dcourts.gov.in/index9302.html]
[patna.dcourts.gov.in/wp-json/oembed/1.0/embede1e9.json]
[patna.dcourts.gov.in/wp-json/oembed/1.0/embedfa93]
[patna.dcourts.gov.in/wp-json/wp/v2/judge/8004.json]
[patna.dcourts.gov.in/indexdf5a.html]
[patna.dcourts.gov.in/wp-json/oembed/1.0/embed21e4.json]
[patna.dcourts.gov.in/wp-json/oembed/1.0/embed46e6]
[patna.dcourts.gov.in/wp-json/wp/v2/judge/8002.json]
[patna.dcourts.gov.in/index47e1.html]
[patna.dcourts.gov.in/wp-json/oembed/1.0/embedafbb.json]
[patna.dcourts.gov.in/wp-json/oembed/1.0/embed3f8d]
[patna.dcourts.gov.in/wp-json/wp/v2/judge/8000.json]
[patna.dcourts.gov.in/indexcea6.html]
[patna.dcourts.gov.in/wp-json/oembed/1.0/embed7b5e.json]
[patna.dcourts.gov.in/wp-json/oembed/1.0/embedd16e]
[patna.dcourts.gov.in/wp-json/wp/v2/judge/7814.json]
[patna.dcourts.gov.in/index62b6.html]
[patna.dcourts.gov.in/wp-json/oembed/1.0/embed2083.json]
[patna.dcourts.gov.in/wp-json/oembed/1.0/embed3bcd]
[patna.dcourts.gov.in/wp-json/wp/v2/judge/7812.json]
[patna.dcourts.gov.in/indexa3cf.html]
[patna.dcourts.gov.in/wp-json/oembed/1.0/embedcf3d.json]
[patna.dcourts.gov.in/wp-json/oembed/1.0/embed49cc]
[patna.dcourts.gov.in/wp-json/wp/v2/judge/7810.json]
[patna.dcourts.gov.in/index6b12.html]
[patna.dcourts.gov.in/wp-json/oembed/1.0/embedf0ec.json]
[patna.dcourts.gov.in/wp-json/oembed/1.0/embedd5db]
[patna.dcourts.gov.in/wp-json/wp/v2/judge/7807.json]
[patna.dcourts.gov.in/indexd9d3.html]
[patna.dcourts.gov.in/wp-json/oembed/1.0/embed16f1.json]
[patna.dcourts.gov.in/wp-json/oembed/1.0/embeda156]
[patna.dcourts.gov.in/wp-json/wp/v2/judge/7805.json]
[patna.dcourts.gov.in/indexccec.html]
[patna.dcourts.gov.in/wp-json/oembed/1.0/embedb426.json]
[patna.dcourts.gov.in/wp-json/oembed/1.0/embededb6]
[patna.dcourts.gov.in/wp-json/wp/v2/judge/7803.json]
[patna.dcourts.gov.in/indexdbde.html]
[patna.dcourts.gov.in/wp-json/oembed/1.0/embed1c31.json]
[patna.dcourts.gov.in/wp-json/oembed/1.0/embedaf86]
[patna.dcourts.gov.in/wp-json/wp/v2/judge/7801.json]
[patna.dcourts.gov.in/index2396.html]
[patna.dcourts.gov.in/wp-json/oembed/1.0/embedf259.json]
[patna.dcourts.gov.in/wp-json/oembed/1.0/embedcded]
[patna.dcourts.gov.in/wp-json/wp/v2/judge/7799.json]
[patna.dcourts.gov.in/index7784.html]
[patna.dcourts.gov.in/wp-json/oembed/1.0/embed2575.json]
[patna.dcourts.gov.in/wp-json/oembed/1.0/embed2d98]
[patna.dcourts.gov.in/wp-json/wp/v2/judge/7797.json]
[patna.dcourts.gov.in/index4f66.html]
[patna.dcourts.gov.in/wp-json/oembed/1.0/embed0425.json]
[patna.dcourts.gov.in/wp-json/oembed/1.0/embed1147]
[patna.dcourts.gov.in/wp-json/wp/v2/judge/7795.json]
[patna.dcourts.gov.in/index1d77.html]
[patna.dcourts.gov.in/wp-json/oembed/1.0/embede67a.json]
[patna.dcourts.gov.in/wp-json/oembed/1.0/embed9da6]
[patna.dcourts.gov.in/wp-json/wp/v2/judge/7793.json]
[patna.dcourts.gov.in/index57b5.html]
[patna.dcourts.gov.in/wp-json/oembed/1.0/embed8b05.json]
[patna.dcourts.gov.in/wp-json/oembed/1.0/embed721c]
[patna.dcourts.gov.in/wp-json/wp/v2/judge/7791.json]
[patna.dcourts.gov.in/index1eab.html]
[patna.dcourts.gov.in/wp-json/oembed/1.0/embed23eb.json]
[patna.dcourts.gov.in/wp-json/oembed/1.0/embed6206]
[patna.dcourts.gov.in/wp-json/wp/v2/judge/7789.json]
[patna.dcourts.gov.in/index06fa.html]
[patna.dcourts.gov.in/wp-json/oembed/1.0/embed625e.json]
[patna.dcourts.gov.in/wp-json/oembed/1.0/embedbe5e]
[patna.dcourts.gov.in/wp-json/wp/v2/judge/7787.json]
[patna.dcourts.gov.in/index1f29.html]
[patna.dcourts.gov.in/wp-json/oembed/1.0/embed0bc4.json]
[patna.dcourts.gov.in/wp-json/oembed/1.0/embed77b3]
[patna.dcourts.gov.in/wp-json/wp/v2/judge/7785.json]
[patna.dcourts.gov.in/index3dca.html]
[patna.dcourts.gov.in/wp-json/oembed/1.0/embed57a3.json]
[patna.dcourts.gov.in/wp-json/oembed/1.0/embede9d4]
[patna.dcourts.gov.in/wp-json/wp/v2/judge/7682.json]
[patna.dcourts.gov.in/index600e.html]
[patna.dcourts.gov.in/wp-json/oembed/1.0/embedd69f.json]
[patna.dcourts.gov.in/wp-json/oembed/1.0/embedf6df]
[patna.dcourts.gov.in/wp-json/wp/v2/judge/7750.json]
[patna.dcourts.gov.in/index8995.html]
[patna.dcourts.gov.in/wp-json/oembed/1.0/embedfa3e.json]
[patna.dcourts.gov.in/wp-json/oembed/1.0/embed337b]
[patna.dcourts.gov.in/wp-json/wp/v2/judge/7687.json]
[patna.dcourts.gov.in/indexa061.html]
[patna.dcourts.gov.in/wp-json/oembed/1.0/embed9515.json]
[patna.dcourts.gov.in/wp-json/oembed/1.0/embedb99b]
[patna.dcourts.gov.in/wp-json/wp/v2/judge/7689.json]
[patna.dcourts.gov.in/indexcf29.html]
[patna.dcourts.gov.in/wp-json/oembed/1.0/embed0d45.json]
[patna.dcourts.gov.in/wp-json/oembed/1.0/embed91f7]
[patna.dcourts.gov.in/wp-json/wp/v2/judge/7691.json]
[patna.dcourts.gov.in/indexabb4.html]
[patna.dcourts.gov.in/wp-json/oembed/1.0/embeda306.json]
[patna.dcourts.gov.in/wp-json/oembed/1.0/embedb03c]
[patna.dcourts.gov.in/wp-json/wp/v2/judge/7693.json]
[patna.dcourts.gov.in/index6444.html]
[patna.dcourts.gov.in/wp-json/oembed/1.0/embedd578.json]
[patna.dcourts.gov.in/wp-json/oembed/1.0/embed2c75]
[patna.dcourts.gov.in/wp-json/wp/v2/judge/7695.json]
[patna.dcourts.gov.in/indexfeb3.html]
[patna.dcourts.gov.in/wp-json/oembed/1.0/embedc0cc.json]
[patna.dcourts.gov.in/wp-json/oembed/1.0/embed8769]
[patna.dcourts.gov.in/wp-json/wp/v2/judge/7668.json]
[patna.dcourts.gov.in/indexdf21.html]
[patna.dcourts.gov.in/wp-json/oembed/1.0/embed51af.json]
[patna.dcourts.gov.in/wp-json/oembed/1.0/embed5304]
[patna.dcourts.gov.in/wp-json/wp/v2/judge/7697.json]
[patna.dcourts.gov.in/indexfcd1.html]
[patna.dcourts.gov.in/wp-json/oembed/1.0/embed177f.json]
[patna.dcourts.gov.in/wp-json/oembed/1.0/embed7cbd]
[patna.dcourts.gov.in/wp-json/wp/v2/judge/7699.json]
[patna.dcourts.gov.in/indexca1f.html]
[patna.dcourts.gov.in/wp-json/oembed/1.0/embed19d4.json]
[patna.dcourts.gov.in/wp-json/oembed/1.0/embedc427]
[patna.dcourts.gov.in/wp-json/wp/v2/judge/7701.json]
[patna.dcourts.gov.in/indexc9ac.html]
[patna.dcourts.gov.in/wp-json/oembed/1.0/embed8084.json]
[patna.dcourts.gov.in/wp-json/oembed/1.0/embedeacb]
[patna.dcourts.gov.in/wp-json/wp/v2/judge/7705.json]
[patna.dcourts.gov.in/index9f64.html]
[patna.dcourts.gov.in/wp-json/oembed/1.0/embedfd25.json]
[patna.dcourts.gov.in/wp-json/oembed/1.0/embed4652]
[patna.dcourts.gov.in/wp-json/wp/v2/judge/7703.json]
[patna.dcourts.gov.in/indexb6bd.html]
[patna.dcourts.gov.in/wp-json/oembed/1.0/embedc278.json]
[patna.dcourts.gov.in/wp-json/oembed/1.0/embed61d4]
[patna.dcourts.gov.in/wp-json/wp/v2/judge/7713.json]
[patna.dcourts.gov.in/index1da0.html]
[patna.dcourts.gov.in/wp-json/oembed/1.0/embed2542.json]
[patna.dcourts.gov.in/wp-json/oembed/1.0/embed1f3c]
[patna.dcourts.gov.in/wp-json/wp/v2/judge/7719.json]
[patna.dcourts.gov.in/index29c1.html]
[patna.dcourts.gov.in/wp-json/oembed/1.0/embed2cee.json]
[patna.dcourts.gov.in/wp-json/oembed/1.0/embed0308]
[patna.dcourts.gov.in/wp-json/wp/v2/judge/7721.json]
[patna.dcourts.gov.in/indexa1a9.html]
[patna.dcourts.gov.in/wp-json/oembed/1.0/embed4105.json]
[patna.dcourts.gov.in/wp-json/oembed/1.0/embed687c]
[patna.dcourts.gov.in/wp-json/wp/v2/judge/7723.json]
[patna.dcourts.gov.in/index4d34.html]
[patna.dcourts.gov.in/wp-json/oembed/1.0/embedcf49.json]
[patna.dcourts.gov.in/wp-json/oembed/1.0/embed7e5c]
[patna.dcourts.gov.in/wp-json/wp/v2/judge/7726.json]
[patna.dcourts.gov.in/indexcfba.html]
[patna.dcourts.gov.in/wp-json/oembed/1.0/embedb3e0.json]
[patna.dcourts.gov.in/wp-json/oembed/1.0/embede300]
[patna.dcourts.gov.in/wp-json/wp/v2/judge/7728.json]
[patna.dcourts.gov.in/index6c5b.html]
[patna.dcourts.gov.in/wp-json/oembed/1.0/embed413e.json]
[patna.dcourts.gov.in/wp-json/oembed/1.0/embedeee1]
[patna.dcourts.gov.in/wp-json/wp/v2/judge/7730.json]
[patna.dcourts.gov.in/index87a8.html]
[patna.dcourts.gov.in/wp-json/oembed/1.0/embed516d.json]
[patna.dcourts.gov.in/wp-json/oembed/1.0/embede4ed]
[patna.dcourts.gov.in/wp-json/wp/v2/judge/7783.json]
[patna.dcourts.gov.in/index5f4d.html]
[patna.dcourts.gov.in/wp-json/oembed/1.0/embede687.json]
[patna.dcourts.gov.in/wp-json/oembed/1.0/embed6f0e]
[patna.dcourts.gov.in/wp-json/wp/v2/judge/7781.json]
[patna.dcourts.gov.in/index672d.html]
[patna.dcourts.gov.in/wp-json/oembed/1.0/embed4a69.json]
[patna.dcourts.gov.in/wp-json/oembed/1.0/embedd648]
[patna.dcourts.gov.in/wp-json/wp/v2/judge/7779.json]
[patna.dcourts.gov.in/index6299.html]
[patna.dcourts.gov.in/wp-json/oembed/1.0/embed8617.json]
[patna.dcourts.gov.in/wp-json/oembed/1.0/embed4c6e]
[patna.dcourts.gov.in/wp-json/wp/v2/judge/7777.json]
[patna.dcourts.gov.in/indexfd04.html]
[patna.dcourts.gov.in/wp-json/oembed/1.0/embedc158.json]
[patna.dcourts.gov.in/wp-json/oembed/1.0/embed464d]
[patna.dcourts.gov.in/wp-json/wp/v2/judge/7774.json]
[patna.dcourts.gov.in/index90be.html]
[patna.dcourts.gov.in/wp-json/oembed/1.0/embed18f8.json]
[patna.dcourts.gov.in/wp-json/oembed/1.0/embed0ef7]
[patna.dcourts.gov.in/wp-json/wp/v2/judge/7772.json]
[patna.dcourts.gov.in/indexa961.html]
[patna.dcourts.gov.in/wp-json/oembed/1.0/embed48b9.json]
[patna.dcourts.gov.in/wp-json/oembed/1.0/embedcb68]
[patna.dcourts.gov.in/wp-json/wp/v2/judge/7770.json]
[patna.dcourts.gov.in/indexb3c2.html]
[patna.dcourts.gov.in/wp-json/oembed/1.0/embed4933.json]
[patna.dcourts.gov.in/wp-json/oembed/1.0/embed9d7f]
[patna.dcourts.gov.in/wp-json/wp/v2/judge/7767.json]
[patna.dcourts.gov.in/index9b31.html]
[patna.dcourts.gov.in/wp-json/oembed/1.0/embedb07a.json]
[patna.dcourts.gov.in/wp-json/oembed/1.0/embeda043]
[patna.dcourts.gov.in/wp-json/wp/v2/judge/7766.json]
[patna.dcourts.gov.in/index1ee1.html]
[patna.dcourts.gov.in/wp-json/oembed/1.0/embedc0d9.json]
[patna.dcourts.gov.in/wp-json/oembed/1.0/embed3abd]
[patna.dcourts.gov.in/wp-json/wp/v2/judge/7678.json]
[patna.dcourts.gov.in/index28f9.html]
[patna.dcourts.gov.in/wp-json/oembed/1.0/embedadd3.json]
[patna.dcourts.gov.in/wp-json/oembed/1.0/embed3c33]
[patna.dcourts.gov.in/wp-json/wp/v2/judge/7680.json]
[patna.dcourts.gov.in/index6662.html]
[patna.dcourts.gov.in/wp-json/oembed/1.0/embede3c1.json]
[patna.dcourts.gov.in/wp-json/oembed/1.0/embedab5a]
[patna.dcourts.gov.in/wp-json/wp/v2/document-category/1116.json]
[patna.dcourts.gov.in/wp-json/wp/v2/document-category/1364.json]
[patna.dcourts.gov.in/wp-json/wp/v2/document-category/1376.json]
[patna.dcourts.gov.in/wp-json/wp/v2/document-category/1395.json]
[patna.dcourts.gov.in/documents/page/3/index.html]
[patna.dcourts.gov.in/document-category/circular-notices/page/3/index.html]
[patna.dcourts.gov.in/documents/page/4/index.html]
[patna.dcourts.gov.in/document-category/notification/page/3/index.html]
[patna.dcourts.gov.in/document-category/circular-notices/page/4/index.html]
[patna.dcourts.gov.in/document-category/notification/page/4/index.html]
[patna.dcourts.gov.in/past-notices/tenders/page/2/index.html]
[patna.dcourts.gov.in/past-notices/recruitments/page/2/index.html]
[patna.dcourts.gov.in/wp-json/wp/v2/gallery/6486.json]
[patna.dcourts.gov.in/index13e8.html]
[patna.dcourts.gov.in/wp-json/oembed/1.0/embedd177.json]
[patna.dcourts.gov.in/wp-json/oembed/1.0/embed16fa]
[patna.dcourts.gov.in/wp-json/wp/v2/video/6632.json]
[patna.dcourts.gov.in/indexc02a.html]
[patna.dcourts.gov.in/wp-json/oembed/1.0/embed7bb9.json]
[patna.dcourts.gov.in/wp-json/oembed/1.0/embed594d]
[patna.dcourts.gov.in/past-notices/tenders/page/3/index.html]
[patna.dcourts.gov.in/category/news/index009f.html]
[patna.dcourts.gov.in/category/news/index71af.html]
[patna.dcourts.gov.in/wp-json/wp/v2/posts/6890.json]
[patna.dcourts.gov.in/index49a5.html]
[patna.dcourts.gov.in/wp-json/oembed/1.0/embedaeaa.json]
[patna.dcourts.gov.in/wp-json/oembed/1.0/embed770f]
[patna.dcourts.gov.in/wp-json/wp/v2/posts/6626.json]
[patna.dcourts.gov.in/index985c.html]
[patna.dcourts.gov.in/wp-json/oembed/1.0/embedb885.json]
[patna.dcourts.gov.in/wp-json/oembed/1.0/embed8719]
[patna.dcourts.gov.in/wp-json/wp/v2/posts/6628.json]
[patna.dcourts.gov.in/index57fd.html]
[patna.dcourts.gov.in/wp-json/oembed/1.0/embed360b.json]
[patna.dcourts.gov.in/wp-json/oembed/1.0/embedb9fc]
[patna.dcourts.gov.in/wp-json/wp/v2/publication/6577.json]
[patna.dcourts.gov.in/indexb897.html]
[patna.dcourts.gov.in/wp-json/oembed/1.0/embedc269.json]
[patna.dcourts.gov.in/wp-json/oembed/1.0/embedeb1b]
[patna.dcourts.gov.in/wp-json/wp/v2/publication/6531.json]
[patna.dcourts.gov.in/index71a3.html]
[patna.dcourts.gov.in/wp-json/oembed/1.0/embed9b04.json]
[patna.dcourts.gov.in/wp-json/oembed/1.0/embedd06e]
[patna.dcourts.gov.in/past-notices/recruitments/page/3/index.html]
[patna.dcourts.gov.in/wp-json/wp/v2/publication/6528.json]
[patna.dcourts.gov.in/index9134.html]
[patna.dcourts.gov.in/wp-json/oembed/1.0/embed01d1.json]
[patna.dcourts.gov.in/wp-json/oembed/1.0/embedb61f]
[patna.dcourts.gov.in/documents/page/4/index.html]
[patna.dcourts.gov.in/document-category/circular-notices/feed/index.html]
[patna.dcourts.gov.in/document-category/circular-notices/page/4/index.html]
[patna.dcourts.gov.in/document-category/management-tools/feed/index.html]
[patna.dcourts.gov.in/document-category/notification/feed/index.html]
[patna.dcourts.gov.in/document-category/notification/page/4/index.html]
[patna.dcourts.gov.in/document-category/performance-measurement-report/feed/index.html]
[patna.dcourts.gov.in/document-category/pleaders-and-bar-association/feed/index.html]
[patna.dcourts.gov.in/document-category/rules-and-regulations/feed/index.html]
[patna.dcourts.gov.in/document-category/statistical-reports/feed/index.html]
[patna.dcourts.gov.in/notice-category/tenders/feed/index.html]
[patna.dcourts.gov.in/past-notices/tenders/page/3/index.html]
[patna.dcourts.gov.in/notice-category/recruitments/feed/index.html]
[patna.dcourts.gov.in/past-notices/recruitments/page/3/index.html]
[patna.dcourts.gov.in/documents/page/5/index.html]
[patna.dcourts.gov.in/category/news/feed/index.html]
[patna.dcourts.gov.in/category/press-release/feed/index.html]
[patna.dcourts.gov.in/publication-type/brochures/feed/index.html]
[patna.dcourts.gov.in/publication-type/newsletters/feed/index.html]
[patna.dcourts.gov.in/document-category/ecourts-phase-ii-reports/feed/index.html]
[patna.dcourts.gov.in/document-category/duty-magistrate/feed/index.html]
[patna.dcourts.gov.in/document-category/police-station-wise-magistrate/feed/index.html]
[patna.dcourts.gov.in/document-category/circular-judgements/feed/index.html]
[patna.dcourts.gov.in/documents/page/5/index.html]
[patna.dcourts.gov.in/past-notices/recruitments/page/4/index.html]
[patna.dcourts.gov.in/past-notices/recruitments/page/4/index.html]
